******************************************************************************
                  TI ARM Linker PC v5.0.1                      
******************************************************************************
>> Linked Tue Sep 11 15:34:25 2012

OUTPUT FILE NAME:   <arm_class_marks_example.out>
ENTRY POINT SYMBOL: "_c_int00"  address: 00000adc


MEMORY CONFIGURATION

         name            origin    length      used     unused   attr    fill
----------------------  --------  ---------  --------  --------  ----  --------
  VECTORS               00000000   00000100  00000100  00000000  R  X  ffffffff
  FLASH                 00000100   0003ff00  0003ff00  00000000  R  X  ffffffff
  STACKS                08000000   00001500  00000000  00001500  RW  
  RAM                   08001500   00018000  00000170  00017e90  RW  
  EMIF_1                60000000   00000100  00000000  00000100  R  X
  EMIF_2                60000100   00003f00  00000000  00003f00  R  X


SEGMENT ALLOCATION MAP

run origin  load origin   length   init length attrs members
----------  ----------- ---------- ----------- ----- -------
00000000    00000000    00040000   00040000    r-x
  00000000    00000000    00000020   00000020    r-x .intvecs
  00000020    00000020    000000e0   000000e0    r-- $fill000
  00000100    00000100    0000152c   0000152c    r-x .text
  0000162c    0000162c    000002d4   000002d4    r-- .const
  00001900    00001900    00000040   00000040    r-- .cinit
  00001940    00001940    0003e6c0   0003e6c0    r-- $fill001
08001500    08001500    00000158   00000000    rw-
  08001500    08001500    00000158   00000000    rw- .bss
08001658    08001658    00000018   00000018    rw-
  08001658    08001658    00000018   00000018    rw- .data


SECTION ALLOCATION MAP

 output                                  attributes/
section   page    origin      length       input sections
--------  ----  ----------  ----------   ----------------
.intvecs   0    00000000    00000020     
                  00000000    00000020     sys_intvecs.obj (.intvecs)

$fill000   0    00000020    000000e0     
                  00000020    000000e0     --HOLE-- [fill = ffffffff]

.text      0    00000100    0000152c     
                  00000100    000002f8     pinmux.obj (.text)
                  000003f8    00000254     sys_core.obj (.text)
                  0000064c    00000250     ti_math_Cortex_R4_bspf.lib : arm_mat_mult_f32.obj (.text)
                  0000089c    00000240     system.obj (.text)
                  00000adc    00000230     sys_startup.obj (.text:retain)
                  00000d0c    00000220     esm.obj (.text:retain)
                  00000f2c    00000120     ti_math_Cortex_R4_bspf.lib : arm_std_f32.obj (.text)
                  0000104c    0000010c                                : arm_var_f32.obj (.text)
                  00001158    000000e8     arm_class_marks_example_f32.obj (.text)
                  00001240    000000b8     ti_math_Cortex_R4_bspf.lib : arm_max_f32.obj (.text)
                  000012f8    000000b8                                : arm_min_f32.obj (.text)
                  000013b0    0000009c     rtsv7R4_T_be_v3D16_eabi.lib : memcpy_t2.obj (.text)
                  0000144c    00000098     ti_math_Cortex_R4_bspf.lib : arm_mean_f32.obj (.text)
                  000014e4    00000060     rtsv7R4_T_be_v3D16_eabi.lib : copy_decompress_rle.obj (.text)
                  00001544    00000048                                 : cpy_tbl.obj (.text)
                  0000158c    00000040                                 : exit.obj (.text)
                  000015cc    00000020     sys_startup.obj (.text)
                  000015ec    00000014     rtsv7R4_T_be_v3D16_eabi.lib : _lock.obj (.text)
                  00001600    00000012                                 : copy_zero_init.obj (.text:decompress:ZI)
                  00001612    0000000e                                 : copy_decompress_none.obj (.text:decompress:none)
                  00001620    00000006                                 : copy_decompress_rle.obj (.text:decompress:rle24)
                  00001626    00000002     --HOLE-- [fill = ffffffff]
                  00001628    00000004     sys_phantom.obj (.text:retain)

.const     0    0000162c    000002d4     
                  0000162c    0000016c     sys_startup.obj (.const:s_vim_init)
                  00001798    00000140     arm_class_marks_example_f32.obj (.const:testMarks_f32)
                  000018d8    00000028     arm_class_marks_example_f32.obj (.const)

.cinit     0    00001900    00000040     
                  00001900    00000019     (.cinit..data.load) [load image, compression = rle]
                  00001919    00000003     --HOLE-- [fill = ffffffff]
                  0000191c    0000000c     (__TI_handler_table)
                  00001928    00000008     (.cinit..bss.load) [load image, compression = zero_init]
                  00001930    00000010     (__TI_cinit_table)

$fill001   0    00001940    0003e6c0     
                  00001940    0003e6c0     --HOLE-- [fill = ffffffff]

.bss       0    08001500    00000158     UNINITIALIZED
                  08001500    00000140     arm_class_marks_example_f32.obj (.bss:testOutput)
                  08001640    00000018     arm_class_marks_example_f32.obj (.bss)

.data      0    08001658    00000018     
                  08001658    00000008     arm_class_marks_example_f32.obj (.data)
                  08001660    00000008     rtsv7R4_T_be_v3D16_eabi.lib : _lock.obj (.data)
                  08001668    00000008                                 : exit.obj (.data)


LINKER GENERATED COPY TABLES

__TI_cinit_table @ 00001930 records: 2, size/record: 8, table size: 16
	.data: load addr=00001900, load size=00000019 bytes, run addr=08001658, run size=00000018 bytes, compression=rle
	.bss: load addr=00001928, load size=00000008 bytes, run addr=08001500, run size=00000158 bytes, compression=zero_init


LINKER GENERATED HANDLER TABLE

__TI_handler_table @ 0000191c records: 3, size/record: 4, table size: 12
	index: 0, handler: __TI_zero_init
	index: 1, handler: __TI_decompress_rle24
	index: 2, handler: __TI_decompress_none


GLOBAL SYMBOLS: SORTED ALPHABETICALLY BY Name 

address    name
--------   ----
0000158d   C$$EXIT
UNDEFED    SHT$$INIT_ARRAY$$Base
UNDEFED    SHT$$INIT_ARRAY$$Limit
00001930   __TI_CINIT_Base
00001940   __TI_CINIT_Limit
0000191c   __TI_Handler_Table_Base
00001928   __TI_Handler_Table_Limit
00000644   __TI_PINIT_Base
00000648   __TI_PINIT_Limit
00001613   __TI_decompress_none
00001621   __TI_decompress_rle24
00000000   __TI_static_base__
00001601   __TI_zero_init
000013b1   __aeabi_memcpy
000013b1   __aeabi_memcpy4
000013b1   __aeabi_memcpy8
ffffffff   __binit__
ffffffff   __c_args__
00000adc   _c_int00
08001668   _cleanup_ptr
00000614   _coreClearAuxiliaryDataFault_
00000628   _coreClearAuxiliaryInstructionFault_
000005ec   _coreClearDataFaultAddress_
000005c4   _coreClearDataFault_
00000600   _coreClearInstructionFaultAddress_
000005d8   _coreClearInstructionFault_
0000055c   _coreDisableEventBusExport_
0000059c   _coreDisableFlashEcc_
0000057c   _coreDisableRamEcc_
0000054c   _coreEnableEventBusExport_
0000058c   _coreEnableFlashEcc_
000005ac   _coreEnableIrqVicOffset_
0000056c   _coreEnableRamEcc_
00000534   _coreEnableVfp_
0000060c   _coreGetAuxiliaryDataFault_
00000620   _coreGetAuxiliaryInstructionFault_
000005e4   _coreGetDataFaultAddress_
000005bc   _coreGetDataFault_
000005f8   _coreGetInstructionFaultAddress_
000005d0   _coreGetInstructionFault_
000003f8   _coreInitRegisters_
000004e8   _coreInitStackPointer_
00000634   _disable_interrupts
0800166c   _dtors_ptr
0000063c   _enable_interrupts
08001660   _lock
000015fb   _nop
000015f3   _register_lock
000015ed   _register_unlock
08001664   _unlock
00001591   abort
0000064c   arm_mat_mult_f32
00001240   arm_max_f32
0000144c   arm_mean_f32
000012f8   arm_min_f32
00000f2c   arm_std_f32
0000104c   arm_var_f32
ffffffff   binit
00001545   copy_in
000015cc   esmGroup1Notification
000015dc   esmGroup2Notification
00000d0c   esmHighInterrupt
00000e50   esmLowInterrupt
00001599   exit
00001158   main
08001640   max_marks
08001648   mean
000013b1   memcpy
08001644   min_marks
00000100   muxInit
08001658   numStudents
0800165c   numSubjects
00001628   phantomInterrupt
0800164c   std
08001654   student_num
0000089c   systemInit
00000a64   systemPowerDown
00001798   testMarks_f32
000018d8   testUnity_f32
08001650   var


GLOBAL SYMBOLS: SORTED BY Symbol Address 

address    name
--------   ----
00000000   __TI_static_base__
00000100   muxInit
000003f8   _coreInitRegisters_
000004e8   _coreInitStackPointer_
00000534   _coreEnableVfp_
0000054c   _coreEnableEventBusExport_
0000055c   _coreDisableEventBusExport_
0000056c   _coreEnableRamEcc_
0000057c   _coreDisableRamEcc_
0000058c   _coreEnableFlashEcc_
0000059c   _coreDisableFlashEcc_
000005ac   _coreEnableIrqVicOffset_
000005bc   _coreGetDataFault_
000005c4   _coreClearDataFault_
000005d0   _coreGetInstructionFault_
000005d8   _coreClearInstructionFault_
000005e4   _coreGetDataFaultAddress_
000005ec   _coreClearDataFaultAddress_
000005f8   _coreGetInstructionFaultAddress_
00000600   _coreClearInstructionFaultAddress_
0000060c   _coreGetAuxiliaryDataFault_
00000614   _coreClearAuxiliaryDataFault_
00000620   _coreGetAuxiliaryInstructionFault_
00000628   _coreClearAuxiliaryInstructionFault_
00000634   _disable_interrupts
0000063c   _enable_interrupts
00000644   __TI_PINIT_Base
00000648   __TI_PINIT_Limit
0000064c   arm_mat_mult_f32
0000089c   systemInit
00000a64   systemPowerDown
00000adc   _c_int00
00000d0c   esmHighInterrupt
00000e50   esmLowInterrupt
00000f2c   arm_std_f32
0000104c   arm_var_f32
00001158   main
00001240   arm_max_f32
000012f8   arm_min_f32
000013b1   __aeabi_memcpy
000013b1   __aeabi_memcpy4
000013b1   __aeabi_memcpy8
000013b1   memcpy
0000144c   arm_mean_f32
00001545   copy_in
0000158d   C$$EXIT
00001591   abort
00001599   exit
000015cc   esmGroup1Notification
000015dc   esmGroup2Notification
000015ed   _register_unlock
000015f3   _register_lock
000015fb   _nop
00001601   __TI_zero_init
00001613   __TI_decompress_none
00001621   __TI_decompress_rle24
00001628   phantomInterrupt
00001798   testMarks_f32
000018d8   testUnity_f32
0000191c   __TI_Handler_Table_Base
00001928   __TI_Handler_Table_Limit
00001930   __TI_CINIT_Base
00001940   __TI_CINIT_Limit
08001640   max_marks
08001644   min_marks
08001648   mean
0800164c   std
08001650   var
08001654   student_num
08001658   numStudents
0800165c   numSubjects
08001660   _lock
08001664   _unlock
08001668   _cleanup_ptr
0800166c   _dtors_ptr
ffffffff   __binit__
ffffffff   __c_args__
ffffffff   binit
UNDEFED    SHT$$INIT_ARRAY$$Base
UNDEFED    SHT$$INIT_ARRAY$$Limit

[80 symbols]
