<html>
<body>
<pre>
<h1>µVision Build Log</h1>
<h2>Project:</h2>
\\dta0918455d\Disk_D\Data\570_Software\Cortex R DSP Library_2_0_0\Examples\arm_fir_example\ARM\arm_fir_example.uvproj
Project File Date:  02/10/2012

<h2>Output:</h2>
Build target 'Target 1'
linking...
Program Size: Code=4892 RO-data=212 RW-data=2572 ZI-data=7036  
".\debug\arm_fir_example.axf" - 0 Error(s), 0 Warning(s).
Clean started: Project: 'arm_fir_example'
   deleting intermediate output files for target 'Target 1'
Build target 'Target 1'
compiling arm_fir_data.c...
compiling arm_fir_example_f32.c...
compiling math_helper.c...
compiling Retarget.c...
compiling system.c...
assembling startup_TMS570LS.s...
compiling Serial.c...
assembling perf_monitor_r4.s...
linking...
Program Size: Code=4892 RO-data=212 RW-data=2572 ZI-data=7036  
".\debug\arm_fir_example.axf" - 0 Error(s), 0 Warning(s).
