ARM Linker, 4.1 [Build 894] [Standard]

==============================================================================

Section Cross References

    arm_fir_example_f32.o(.text) refers to arm_fir_init_f32.o(.text) for arm_fir_init_f32
    arm_fir_example_f32.o(.text) refers to perf_monitor_r4.o(.text) for Enable_Performance_Monitor
    arm_fir_example_f32.o(.text) refers to arm_fir_f32.o(.text) for arm_fir_f32
    arm_fir_example_f32.o(.text) refers to math_helper.o(.text) for arm_snr_f32
    arm_fir_example_f32.o(.text) refers to arm_fir_data.o(.data) for testInput_f32_1kHz_15kHz
    arm_fir_example_f32.o(.text) refers to arm_fir_example_f32.o(.bss) for .bss
    arm_fir_example_f32.o(.text) refers to arm_fir_example_f32.o(.data) for .data
    arm_fir_example_f32.o(.text) refers to arm_fir_example_f32.o(.constdata) for .constdata
    arm_fir_example_f32.o(.text) refers to arm_fir_data.o(.data) for refOutput
    math_helper.o(.text) refers to log10.o(i.__hardfp_log10) for __hardfp_log10
    retarget.o(.text) refers (Special) to use_no_semi.o(.text) for __use_no_semihosting_swi
    retarget.o(.text) refers to serial.o(.text) for sendchar
    retarget.o(.data) refers (Special) to use_no_semi.o(.text) for __use_no_semihosting_swi
    retarget.o(.data) refers (Special) to use_no_semi.o(.text) for __use_no_semihosting_swi
    startup_tms570ls.o(STACK) refers (Special) to heapauxi.o(.text) for __use_two_region_memory
    startup_tms570ls.o(HEAP) refers (Special) to heapauxi.o(.text) for __use_two_region_memory
    startup_tms570ls.o(RESET) refers (Special) to heapauxi.o(.text) for __use_two_region_memory
    startup_tms570ls.o(RESET) refers to startup_tms570ls.o(STACK) for Stack_Top
    startup_tms570ls.o(RESET) refers to system.o(.text) for systemInit
    startup_tms570ls.o(RESET) refers to __main.o(!!!main) for __main
    startup_tms570ls.o(.text) refers (Special) to heapauxi.o(.text) for __use_two_region_memory
    startup_tms570ls.o(.text) refers to startup_tms570ls.o(HEAP) for Heap_Mem
    startup_tms570ls.o(.text) refers to startup_tms570ls.o(STACK) for Stack_Mem
    arm_fir_init_f32.o(.text) refers to rt_memclr_w.o(.text) for __aeabi_memclr4
    __main.o(!!!main) refers to rtentry.o(.ARM.Collect$$rtentry$$00000000) for __rt_entry
    log10.o(i.__hardfp_log10) refers (Special) to usenofp.o(x$fpl$usenofp) for __I$use$fp
    log10.o(i.__hardfp_log10) refers to _rserrno.o(.text) for __set_errno
    log10.o(i.__hardfp_log10) refers to log.o(i.log) for log
    log10.o(i.__softfp_log10) refers (Special) to usenofp.o(x$fpl$usenofp) for __I$use$fp
    log10.o(i.__softfp_log10) refers to log10.o(i.__hardfp_log10) for __hardfp_log10
    log10.o(i.log10) refers (Special) to usenofp.o(x$fpl$usenofp) for __I$use$fp
    log10.o(i.log10) refers to log10.o(i.__hardfp_log10) for __hardfp_log10
    log10_x.o(i.____hardfp_log10$lsc) refers (Special) to usenofp.o(x$fpl$usenofp) for __I$use$fp
    log10_x.o(i.____hardfp_log10$lsc) refers to _rserrno.o(.text) for __set_errno
    log10_x.o(i.____hardfp_log10$lsc) refers to log.o(i.log) for log
    log10_x.o(i.____softfp_log10$lsc) refers (Special) to usenofp.o(x$fpl$usenofp) for __I$use$fp
    log10_x.o(i.____softfp_log10$lsc) refers to log10_x.o(i.____hardfp_log10$lsc) for ____hardfp_log10$lsc
    log10_x.o(i.__log10$lsc) refers (Special) to usenofp.o(x$fpl$usenofp) for __I$use$fp
    log10_x.o(i.__log10$lsc) refers to log10_x.o(i.____hardfp_log10$lsc) for ____hardfp_log10$lsc
    rtentry.o(.ARM.Collect$$rtentry$$00000000) refers (Special) to rtentry2.o(.ARM.Collect$$rtentry$$0000000A) for __rt_entry_li
    rtentry.o(.ARM.Collect$$rtentry$$00000000) refers (Special) to rtentry2.o(.ARM.Collect$$rtentry$$0000000D) for __rt_entry_main
    rtentry.o(.ARM.Collect$$rtentry$$00000000) refers (Special) to rtentry2.o(.ARM.Collect$$rtentry$$0000000C) for __rt_entry_postli_1
    rtentry.o(.ARM.Collect$$rtentry$$00000000) refers (Special) to rtentry2.o(.ARM.Collect$$rtentry$$00000009) for __rt_entry_postsh_1
    rtentry.o(.ARM.Collect$$rtentry$$00000000) refers (Special) to rtentry2.o(.ARM.Collect$$rtentry$$00000002) for __rt_entry_presh_1
    rtentry.o(.ARM.Collect$$rtentry$$00000000) refers (Special) to rtentry4.o(.ARM.Collect$$rtentry$$00000004) for __rt_entry_sh
    _rserrno.o(.text) refers to rt_errno_addr_intlibspace.o(.text) for __aeabi_errno_addr
    log.o(i.__hardfp_log) refers (Special) to usenofp.o(x$fpl$usenofp) for __I$use$fp
    log.o(i.__hardfp_log) refers to _rserrno.o(.text) for __set_errno
    log.o(i.__hardfp_log) refers to poly.o(i.__kernel_poly) for __kernel_poly
    log.o(i.__hardfp_log) refers to qnan.o(.constdata) for __mathlib_zero
    log.o(i.__hardfp_log) refers to log.o(.constdata) for .constdata
    log.o(i.__softfp_log) refers (Special) to usenofp.o(x$fpl$usenofp) for __I$use$fp
    log.o(i.__softfp_log) refers to log.o(i.__hardfp_log) for __hardfp_log
    log.o(i.log) refers (Special) to usenofp.o(x$fpl$usenofp) for __I$use$fp
    log.o(i.log) refers to log.o(i.__hardfp_log) for __hardfp_log
    log.o(.constdata) refers (Special) to usenofp.o(x$fpl$usenofp) for __I$use$fp
    log_x.o(i.____hardfp_log$lsc) refers (Special) to usenofp.o(x$fpl$usenofp) for __I$use$fp
    log_x.o(i.____hardfp_log$lsc) refers to _rserrno.o(.text) for __set_errno
    log_x.o(i.____hardfp_log$lsc) refers to poly.o(i.__kernel_poly) for __kernel_poly
    log_x.o(i.____hardfp_log$lsc) refers to qnan.o(.constdata) for __mathlib_zero
    log_x.o(i.____hardfp_log$lsc) refers to log_x.o(.constdata) for .constdata
    log_x.o(i.____softfp_log$lsc) refers (Special) to usenofp.o(x$fpl$usenofp) for __I$use$fp
    log_x.o(i.____softfp_log$lsc) refers to log_x.o(i.____hardfp_log$lsc) for ____hardfp_log$lsc
    log_x.o(i.__log$lsc) refers (Special) to usenofp.o(x$fpl$usenofp) for __I$use$fp
    log_x.o(i.__log$lsc) refers to log_x.o(i.____hardfp_log$lsc) for ____hardfp_log$lsc
    log_x.o(.constdata) refers (Special) to usenofp.o(x$fpl$usenofp) for __I$use$fp
    rtentry2.o(.ARM.Collect$$rtentry$$00000008) refers to boardinit2.o(.text) for _platform_post_stackheap_init
    rtentry2.o(.ARM.Collect$$rtentry$$0000000A) refers to libinit.o(.ARM.Collect$$libinit$$00000000) for __rt_lib_init
    rtentry2.o(.ARM.Collect$$rtentry$$0000000B) refers to boardinit3.o(.text) for _platform_post_lib_init
    rtentry2.o(.ARM.Collect$$rtentry$$0000000D) refers to arm_fir_example_f32.o(.text) for main
    rtentry2.o(.ARM.Collect$$rtentry$$0000000D) refers to exit.o(.text) for exit
    rtentry2.o(.ARM.exidx) refers to rtentry2.o(.ARM.Collect$$rtentry$$00000001) for .ARM.Collect$$rtentry$$00000001
    rtentry2.o(.ARM.exidx) refers to rtentry2.o(.ARM.Collect$$rtentry$$00000008) for .ARM.Collect$$rtentry$$00000008
    rtentry2.o(.ARM.exidx) refers to rtentry2.o(.ARM.Collect$$rtentry$$0000000A) for .ARM.Collect$$rtentry$$0000000A
    rtentry2.o(.ARM.exidx) refers to rtentry2.o(.ARM.Collect$$rtentry$$0000000B) for .ARM.Collect$$rtentry$$0000000B
    rtentry2.o(.ARM.exidx) refers to rtentry2.o(.ARM.Collect$$rtentry$$0000000D) for .ARM.Collect$$rtentry$$0000000D
    rtentry4.o(.ARM.Collect$$rtentry$$00000004) refers to sys_stackheap_outer.o(.text) for __user_setup_stackheap
    rtentry4.o(.ARM.exidx) refers to rtentry4.o(.ARM.Collect$$rtentry$$00000004) for .ARM.Collect$$rtentry$$00000004
    rt_errno_addr.o(.text) refers to rt_errno_addr.o(.bss) for __aeabi_errno_addr_data
    rt_errno_addr_intlibspace.o(.text) refers to libspace.o(.bss) for __libspace_start
    poly.o(i.__kernel_poly) refers (Special) to usenofp.o(x$fpl$usenofp) for __I$use$fp
    qnan.o(.constdata) refers (Special) to usenofp.o(x$fpl$usenofp) for __I$use$fp
    libspace.o(.text) refers to libspace.o(.bss) for __libspace_start
    sys_stackheap_outer.o(.text) refers to libspace.o(.text) for __user_perproc_libspace
    sys_stackheap_outer.o(.text) refers to startup_tms570ls.o(.text) for __user_initial_stackheap
    exit.o(.text) refers to rtexit.o(.ARM.Collect$$rtexit$$00000000) for __rt_exit
    libinit.o(.ARM.Collect$$libinit$$00000000) refers (Special) to libinit2.o(.ARM.Collect$$libinit$$0000002A) for __rt_lib_init_alloca_1
    libinit.o(.ARM.Collect$$libinit$$00000000) refers (Special) to libinit2.o(.ARM.Collect$$libinit$$00000028) for __rt_lib_init_argv_1
    libinit.o(.ARM.Collect$$libinit$$00000000) refers (Special) to libinit2.o(.ARM.Collect$$libinit$$00000017) for __rt_lib_init_atexit_1
    libinit.o(.ARM.Collect$$libinit$$00000000) refers (Special) to libinit2.o(.ARM.Collect$$libinit$$0000001D) for __rt_lib_init_clock_1
    libinit.o(.ARM.Collect$$libinit$$00000000) refers (Special) to libinit2.o(.ARM.Collect$$libinit$$0000002E) for __rt_lib_init_cpp_1
    libinit.o(.ARM.Collect$$libinit$$00000000) refers (Special) to libinit2.o(.ARM.Collect$$libinit$$0000002C) for __rt_lib_init_exceptions_1
    libinit.o(.ARM.Collect$$libinit$$00000000) refers (Special) to libinit2.o(.ARM.Collect$$libinit$$0000001B) for __rt_lib_init_fp_trap_1
    libinit.o(.ARM.Collect$$libinit$$00000000) refers (Special) to libinit2.o(.ARM.Collect$$libinit$$0000001F) for __rt_lib_init_getenv_1
    libinit.o(.ARM.Collect$$libinit$$00000000) refers (Special) to libinit2.o(.ARM.Collect$$libinit$$00000006) for __rt_lib_init_heap_1
    libinit.o(.ARM.Collect$$libinit$$00000000) refers (Special) to libinit2.o(.ARM.Collect$$libinit$$0000000D) for __rt_lib_init_lc_collate_1
    libinit.o(.ARM.Collect$$libinit$$00000000) refers (Special) to libinit2.o(.ARM.Collect$$libinit$$0000000F) for __rt_lib_init_lc_ctype_1
    libinit.o(.ARM.Collect$$libinit$$00000000) refers (Special) to libinit2.o(.ARM.Collect$$libinit$$00000011) for __rt_lib_init_lc_monetary_1
    libinit.o(.ARM.Collect$$libinit$$00000000) refers (Special) to libinit2.o(.ARM.Collect$$libinit$$00000013) for __rt_lib_init_lc_numeric_1
    libinit.o(.ARM.Collect$$libinit$$00000000) refers (Special) to libinit2.o(.ARM.Collect$$libinit$$00000015) for __rt_lib_init_lc_time_1
    libinit.o(.ARM.Collect$$libinit$$00000000) refers (Special) to libinit2.o(.ARM.Collect$$libinit$$0000000A) for __rt_lib_init_rand_1
    libinit.o(.ARM.Collect$$libinit$$00000000) refers (Special) to libinit2.o(.ARM.Collect$$libinit$$0000002F) for __rt_lib_init_return
    libinit.o(.ARM.Collect$$libinit$$00000000) refers (Special) to libinit2.o(.ARM.Collect$$libinit$$00000019) for __rt_lib_init_signal_1
    libinit.o(.ARM.Collect$$libinit$$00000000) refers (Special) to libinit2.o(.ARM.Collect$$libinit$$00000021) for __rt_lib_init_stdio_1
    libinit.o(.ARM.Collect$$libinit$$00000000) refers (Special) to libinit2.o(.ARM.Collect$$libinit$$00000008) for __rt_lib_init_user_alloc_1
    libinit.o(.ARM.Collect$$libinit$$00000000) refers to fpinit.o(x$fpl$fpinit) for _fp_init
    rtexit.o(.ARM.Collect$$rtexit$$00000000) refers (Special) to rtexit2.o(.ARM.Collect$$rtexit$$00000004) for __rt_exit_exit
    rtexit.o(.ARM.Collect$$rtexit$$00000000) refers (Special) to rtexit2.o(.ARM.Collect$$rtexit$$00000003) for __rt_exit_ls
    rtexit.o(.ARM.Collect$$rtexit$$00000000) refers (Special) to rtexit2.o(.ARM.Collect$$rtexit$$00000002) for __rt_exit_prels_1
    rtexit.o(.ARM.exidx) refers (Special) to rtexit2.o(.ARM.Collect$$rtexit$$00000004) for __rt_exit_exit
    rtexit.o(.ARM.exidx) refers (Special) to rtexit2.o(.ARM.Collect$$rtexit$$00000003) for __rt_exit_ls
    rtexit.o(.ARM.exidx) refers (Special) to rtexit2.o(.ARM.Collect$$rtexit$$00000002) for __rt_exit_prels_1
    rtexit.o(.ARM.exidx) refers to rtexit.o(.ARM.Collect$$rtexit$$00000000) for .ARM.Collect$$rtexit$$00000000
    libinit2.o(.ARM.Collect$$libinit$$0000000C) refers to libinit2.o(.ARM.Collect$$libinit$$0000000B) for .ARM.Collect$$libinit$$0000000B
    libinit2.o(.ARM.Collect$$libinit$$0000000E) refers to libinit2.o(.ARM.Collect$$libinit$$0000000B) for .ARM.Collect$$libinit$$0000000B
    libinit2.o(.ARM.Collect$$libinit$$00000010) refers to libinit2.o(.ARM.Collect$$libinit$$0000000B) for .ARM.Collect$$libinit$$0000000B
    libinit2.o(.ARM.Collect$$libinit$$00000012) refers to libinit2.o(.ARM.Collect$$libinit$$0000000B) for .ARM.Collect$$libinit$$0000000B
    libinit2.o(.ARM.Collect$$libinit$$00000014) refers to libinit2.o(.ARM.Collect$$libinit$$0000000B) for .ARM.Collect$$libinit$$0000000B
    libinit2.o(.ARM.Collect$$libinit$$00000022) refers to argv_veneer.o(.emb_text) for __ARM_argv_veneer
    libinit2.o(.ARM.Collect$$libinit$$00000023) refers to argv_veneer.o(.emb_text) for __ARM_argv_veneer
    rtexit2.o(.ARM.Collect$$rtexit$$00000003) refers to libshutdown.o(.ARM.Collect$$libshutdown$$00000000) for __rt_lib_shutdown
    rtexit2.o(.ARM.Collect$$rtexit$$00000004) refers to retarget.o(.text) for _sys_exit
    rtexit2.o(.ARM.exidx) refers to rtexit2.o(.ARM.Collect$$rtexit$$00000001) for .ARM.Collect$$rtexit$$00000001
    rtexit2.o(.ARM.exidx) refers to rtexit2.o(.ARM.Collect$$rtexit$$00000003) for .ARM.Collect$$rtexit$$00000003
    rtexit2.o(.ARM.exidx) refers to rtexit2.o(.ARM.Collect$$rtexit$$00000004) for .ARM.Collect$$rtexit$$00000004
    argv_veneer.o(.emb_text) refers to no_argv.o(.text) for __ARM_get_argv
    _get_argv_nomalloc.o(.text) refers (Special) to hrguard.o(.text) for __heap_region$guard
    _get_argv_nomalloc.o(.text) refers to defsig_rtmem_outer.o(.text) for __rt_SIGRTMEM
    _get_argv_nomalloc.o(.text) refers to sys_command.o(.text) for _sys_command_string
    libshutdown.o(.ARM.Collect$$libshutdown$$00000000) refers (Special) to libshutdown2.o(.ARM.Collect$$libshutdown$$00000006) for __rt_lib_shutdown_fp_trap_1
    libshutdown.o(.ARM.Collect$$libshutdown$$00000000) refers (Special) to libshutdown2.o(.ARM.Collect$$libshutdown$$0000000E) for __rt_lib_shutdown_heap_1
    libshutdown.o(.ARM.Collect$$libshutdown$$00000000) refers (Special) to libshutdown2.o(.ARM.Collect$$libshutdown$$0000000F) for __rt_lib_shutdown_return
    libshutdown.o(.ARM.Collect$$libshutdown$$00000000) refers (Special) to libshutdown2.o(.ARM.Collect$$libshutdown$$00000009) for __rt_lib_shutdown_signal_1
    libshutdown.o(.ARM.Collect$$libshutdown$$00000000) refers (Special) to libshutdown2.o(.ARM.Collect$$libshutdown$$00000003) for __rt_lib_shutdown_stdio_1
    libshutdown.o(.ARM.Collect$$libshutdown$$00000000) refers (Special) to libshutdown2.o(.ARM.Collect$$libshutdown$$0000000B) for __rt_lib_shutdown_user_alloc_1
    sys_command.o(.text) refers (Special) to use_no_semi.o(.text) for __I$use$semihosting
    sys_command.o(.text) refers (Special) to indicate_semi.o(.text) for __semihosting_library_function
    defsig_rtmem_outer.o(.text) refers to defsig_rtmem_inner.o(.text) for __rt_SIGRTMEM_inner
    defsig_rtmem_outer.o(.text) refers to defsig_exit.o(.text) for __sig_exit
    defsig_rtmem_formal.o(.text) refers to rt_raise.o(.text) for __rt_raise
    rt_raise.o(.text) refers to __raise.o(.text) for __raise
    rt_raise.o(.text) refers to retarget.o(.text) for _sys_exit
    defsig_exit.o(.text) refers to retarget.o(.text) for _sys_exit
    defsig_rtmem_inner.o(.text) refers to defsig_general.o(.text) for __default_signal_display
    __raise.o(.text) refers to defsig.o(CL$$defsig) for __default_signal_handler
    defsig_general.o(.text) refers to retarget.o(.text) for _ttywrch
    defsig.o(CL$$defsig) refers to defsig_rtmem_inner.o(.text) for __rt_SIGRTMEM_inner
    defsig_abrt_inner.o(.text) refers to defsig_general.o(.text) for __default_signal_display
    defsig_fpe_inner.o(.text) refers to defsig_general.o(.text) for __default_signal_display
    defsig_rtred_inner.o(.text) refers to defsig_general.o(.text) for __default_signal_display
    defsig_stak_inner.o(.text) refers to defsig_general.o(.text) for __default_signal_display
    defsig_pvfn_inner.o(.text) refers to defsig_general.o(.text) for __default_signal_display
    defsig_cppl_inner.o(.text) refers to defsig_general.o(.text) for __default_signal_display
    defsig_segv_inner.o(.text) refers to defsig_general.o(.text) for __default_signal_display
    defsig_other.o(.text) refers to defsig_general.o(.text) for __default_signal_display


==============================================================================

Removing Unused input sections from the image.

    Removing retarget.o(.data), (4 bytes).
    Removing retarget.o(.data), (4 bytes).

2 unused section(s) (total 8 bytes) removed from the image.

==============================================================================

Image Symbol Table

    Local Symbols

    Symbol Name                              Value     Ov Type        Size  Object(Section)

    ../../angel/boardlib.s                   0x00000000   Number         0  boardinit3.o ABSOLUTE
    ../../angel/boardlib.s                   0x00000000   Number         0  boardinit2.o ABSOLUTE
    ../../angel/boardlib.s                   0x00000000   Number         0  boardinit1.o ABSOLUTE
    ../../angel/boardlib.s                   0x00000000   Number         0  boardshut.o ABSOLUTE
    ../../angel/dclz77c.s                    0x00000000   Number         0  __dclz77c.o ABSOLUTE
    ../../angel/handlers.s                   0x00000000   Number         0  __scatter_zi.o ABSOLUTE
    ../../angel/kernel.s                     0x00000000   Number         0  rtentry4.o ABSOLUTE
    ../../angel/kernel.s                     0x00000000   Number         0  rtentry2.o ABSOLUTE
    ../../angel/kernel.s                     0x00000000   Number         0  rtentry.o ABSOLUTE
    ../../angel/kernel.s                     0x00000000   Number         0  rtexit.o ABSOLUTE
    ../../angel/kernel.s                     0x00000000   Number         0  rtexit2.o ABSOLUTE
    ../../angel/rt.s                         0x00000000   Number         0  rt_raise.o ABSOLUTE
    ../../angel/rt.s                         0x00000000   Number         0  rt_errno_addr_intlibspace.o ABSOLUTE
    ../../angel/rt.s                         0x00000000   Number         0  rt_errno_addr.o ABSOLUTE
    ../../angel/scatter.s                    0x00000000   Number         0  __scatter.o ABSOLUTE
    ../../angel/startup.s                    0x00000000   Number         0  __main.o ABSOLUTE
    ../../angel/sys.s                        0x00000000   Number         0  use_no_semi.o ABSOLUTE
    ../../angel/sys.s                        0x00000000   Number         0  sys_stackheap_outer.o ABSOLUTE
    ../../angel/sys.s                        0x00000000   Number         0  libspace.o ABSOLUTE
    ../../angel/sys.s                        0x00000000   Number         0  indicate_semi.o ABSOLUTE
    ../../angel/sysapp.c                     0x00000000   Number         0  sys_command.o ABSOLUTE
    ../../armsys.c                           0x00000000   Number         0  argv_veneer.o ABSOLUTE
    ../../armsys.c                           0x00000000   Number         0  _get_argv_nomalloc.o ABSOLUTE
    ../../armsys.c                           0x00000000   Number         0  argv_veneer.o ABSOLUTE
    ../../armsys.c                           0x00000000   Number         0  no_argv.o ABSOLUTE
    ../../fenv.c                             0x00000000   Number         0  _rserrno.o ABSOLUTE
    ../../fpinit.s                           0x00000000   Number         0  fpinit.o ABSOLUTE
    ../../heapalloc.c                        0x00000000   Number         0  hrguard.o ABSOLUTE
    ../../heapaux.c                          0x00000000   Number         0  heapauxi.o ABSOLUTE
    ../../libinit.s                          0x00000000   Number         0  libinit.o ABSOLUTE
    ../../libinit.s                          0x00000000   Number         0  libshutdown2.o ABSOLUTE
    ../../libinit.s                          0x00000000   Number         0  libshutdown.o ABSOLUTE
    ../../libinit.s                          0x00000000   Number         0  libinit2.o ABSOLUTE
    ../../log.c                              0x00000000   Number         0  log.o ABSOLUTE
    ../../log.c                              0x00000000   Number         0  log_x.o ABSOLUTE
    ../../log10.c                            0x00000000   Number         0  log10.o ABSOLUTE
    ../../log10.c                            0x00000000   Number         0  log10_x.o ABSOLUTE
    ../../memcpset.s                         0x00000000   Number         0  rt_memclr_w.o ABSOLUTE
    ../../poly.c                             0x00000000   Number         0  poly.o ABSOLUTE
    ../../qnan.c                             0x00000000   Number         0  qnan.o ABSOLUTE
    ../../signal.c                           0x00000000   Number         0  defsig_rtmem_outer.o ABSOLUTE
    ../../signal.c                           0x00000000   Number         0  defsig_exit.o ABSOLUTE
    ../../signal.c                           0x00000000   Number         0  defsig_rtmem_inner.o ABSOLUTE
    ../../signal.c                           0x00000000   Number         0  defsig_general.o ABSOLUTE
    ../../signal.c                           0x00000000   Number         0  defsig_abrt_inner.o ABSOLUTE
    ../../signal.c                           0x00000000   Number         0  defsig_fpe_inner.o ABSOLUTE
    ../../signal.c                           0x00000000   Number         0  defsig_rtred_inner.o ABSOLUTE
    ../../signal.c                           0x00000000   Number         0  defsig_stak_inner.o ABSOLUTE
    ../../signal.c                           0x00000000   Number         0  __raise.o ABSOLUTE
    ../../signal.c                           0x00000000   Number         0  defsig_pvfn_inner.o ABSOLUTE
    ../../signal.c                           0x00000000   Number         0  defsig_rtmem_formal.o ABSOLUTE
    ../../signal.c                           0x00000000   Number         0  defsig_cppl_inner.o ABSOLUTE
    ../../signal.c                           0x00000000   Number         0  defsig_segv_inner.o ABSOLUTE
    ../../signal.c                           0x00000000   Number         0  defsig_other.o ABSOLUTE
    ../../signal.s                           0x00000000   Number         0  defsig.o ABSOLUTE
    ../../stdlib.c                           0x00000000   Number         0  exit.o ABSOLUTE
    ../../usenofp.s                          0x00000000   Number         0  usenofp.o ABSOLUTE
    ..\..\..\Source\FilteringFunctions\arm_fir_f32.c 0x00000000   Number         0  arm_fir_f32.o ABSOLUTE
    ..\..\..\Source\FilteringFunctions\arm_fir_init_f32.c 0x00000000   Number         0  arm_fir_init_f32.o ABSOLUTE
    ..\..\DeviceSupport\ARM\MDK\Source\Retarget.c 0x00000000   Number         0  retarget.o ABSOLUTE
    ..\..\DeviceSupport\ARM\MDK\Source\Serial.c 0x00000000   Number         0  serial.o ABSOLUTE
    ..\..\DeviceSupport\ARM\MDK\Source\startup_TMS570LS.s 0x00000000   Number         0  startup_tms570ls.o ABSOLUTE
    ..\..\DeviceSupport\ARM\MDK\Source\system.c 0x00000000   Number         0  system.o ABSOLUTE
    ..\..\HelperFunc\Source\math_helper.c    0x00000000   Number         0  math_helper.o ABSOLUTE
    ..\..\perf_monitor_r4.s                  0x00000000   Number         0  perf_monitor_r4.o ABSOLUTE
    ..\arm_fir_data.c                        0x00000000   Number         0  arm_fir_data.o ABSOLUTE
    ..\arm_fir_example_f32.c                 0x00000000   Number         0  arm_fir_example_f32.o ABSOLUTE
    dc.s                                     0x00000000   Number         0  dc.o ABSOLUTE
    RESET                                    0x08000000   Section      432  startup_tms570ls.o(RESET)
    $v0                                      0x08000000   Number         0  startup_tms570ls.o(RESET)
    Undef_Handler                            0x08000040   ARM Code       4  startup_tms570ls.o(RESET)
    SWI_Handler                              0x08000044   ARM Code       4  startup_tms570ls.o(RESET)
    PAbt_Handler                             0x08000048   ARM Code       4  startup_tms570ls.o(RESET)
    DAbt_Handler                             0x0800004c   ARM Code       4  startup_tms570ls.o(RESET)
    IRQ_Handler                              0x08000050   ARM Code       4  startup_tms570ls.o(RESET)
    FIQ_Handler                              0x08000054   ARM Code       4  startup_tms570ls.o(RESET)
    !!!main                                  0x080001b0   Section        8  __main.o(!!!main)
    !!!scatter                               0x080001b8   Section       52  __scatter.o(!!!scatter)
    !!dclz77c                                0x080001ec   Section      100  __dclz77c.o(!!dclz77c)
    !!handler_zi                             0x08000250   Section       28  __scatter_zi.o(!!handler_zi)
    .ARM.Collect$$libinit$$00000000          0x0800026c   Section        6  libinit.o(.ARM.Collect$$libinit$$00000000)
    .ARM.Collect$$libinit$$00000006          0x08000272   Section        0  libinit2.o(.ARM.Collect$$libinit$$00000006)
    .ARM.Collect$$libinit$$00000008          0x08000272   Section        0  libinit2.o(.ARM.Collect$$libinit$$00000008)
    .ARM.Collect$$libinit$$0000000A          0x08000272   Section        0  libinit2.o(.ARM.Collect$$libinit$$0000000A)
    .ARM.Collect$$libinit$$0000000D          0x08000272   Section        0  libinit2.o(.ARM.Collect$$libinit$$0000000D)
    .ARM.Collect$$libinit$$0000000F          0x08000272   Section        0  libinit2.o(.ARM.Collect$$libinit$$0000000F)
    .ARM.Collect$$libinit$$00000011          0x08000272   Section        0  libinit2.o(.ARM.Collect$$libinit$$00000011)
    .ARM.Collect$$libinit$$00000013          0x08000272   Section        0  libinit2.o(.ARM.Collect$$libinit$$00000013)
    .ARM.Collect$$libinit$$00000015          0x08000272   Section        0  libinit2.o(.ARM.Collect$$libinit$$00000015)
    .ARM.Collect$$libinit$$00000017          0x08000272   Section        0  libinit2.o(.ARM.Collect$$libinit$$00000017)
    .ARM.Collect$$libinit$$00000019          0x08000272   Section        0  libinit2.o(.ARM.Collect$$libinit$$00000019)
    .ARM.Collect$$libinit$$0000001B          0x08000272   Section        0  libinit2.o(.ARM.Collect$$libinit$$0000001B)
    .ARM.Collect$$libinit$$0000001D          0x08000272   Section        0  libinit2.o(.ARM.Collect$$libinit$$0000001D)
    .ARM.Collect$$libinit$$0000001F          0x08000272   Section        0  libinit2.o(.ARM.Collect$$libinit$$0000001F)
    .ARM.Collect$$libinit$$00000021          0x08000272   Section        0  libinit2.o(.ARM.Collect$$libinit$$00000021)
    .ARM.Collect$$libinit$$00000028          0x08000272   Section        0  libinit2.o(.ARM.Collect$$libinit$$00000028)
    .ARM.Collect$$libinit$$0000002A          0x08000272   Section        0  libinit2.o(.ARM.Collect$$libinit$$0000002A)
    .ARM.Collect$$libinit$$0000002C          0x08000272   Section        0  libinit2.o(.ARM.Collect$$libinit$$0000002C)
    .ARM.Collect$$libinit$$0000002E          0x08000272   Section        0  libinit2.o(.ARM.Collect$$libinit$$0000002E)
    .ARM.Collect$$libinit$$0000002F          0x08000272   Section        2  libinit2.o(.ARM.Collect$$libinit$$0000002F)
    .ARM.Collect$$libshutdown$$00000000      0x08000274   Section        2  libshutdown.o(.ARM.Collect$$libshutdown$$00000000)
    .ARM.Collect$$libshutdown$$00000003      0x08000276   Section        0  libshutdown2.o(.ARM.Collect$$libshutdown$$00000003)
    .ARM.Collect$$libshutdown$$00000006      0x08000276   Section        0  libshutdown2.o(.ARM.Collect$$libshutdown$$00000006)
    .ARM.Collect$$libshutdown$$00000009      0x08000276   Section        0  libshutdown2.o(.ARM.Collect$$libshutdown$$00000009)
    .ARM.Collect$$libshutdown$$0000000B      0x08000276   Section        0  libshutdown2.o(.ARM.Collect$$libshutdown$$0000000B)
    .ARM.Collect$$libshutdown$$0000000E      0x08000276   Section        0  libshutdown2.o(.ARM.Collect$$libshutdown$$0000000E)
    .ARM.Collect$$libshutdown$$0000000F      0x08000276   Section        2  libshutdown2.o(.ARM.Collect$$libshutdown$$0000000F)
    .ARM.Collect$$rtentry$$00000000          0x08000278   Section        0  rtentry.o(.ARM.Collect$$rtentry$$00000000)
    .ARM.Collect$$rtentry$$00000002          0x08000278   Section        0  rtentry2.o(.ARM.Collect$$rtentry$$00000002)
    .ARM.Collect$$rtentry$$00000004          0x08000278   Section        6  rtentry4.o(.ARM.Collect$$rtentry$$00000004)
    .ARM.Collect$$rtentry$$00000009          0x0800027e   Section        0  rtentry2.o(.ARM.Collect$$rtentry$$00000009)
    .ARM.Collect$$rtentry$$0000000A          0x0800027e   Section        4  rtentry2.o(.ARM.Collect$$rtentry$$0000000A)
    .ARM.Collect$$rtentry$$0000000C          0x08000282   Section        0  rtentry2.o(.ARM.Collect$$rtentry$$0000000C)
    .ARM.Collect$$rtentry$$0000000D          0x08000282   Section        8  rtentry2.o(.ARM.Collect$$rtentry$$0000000D)
    .ARM.Collect$$rtexit$$00000000           0x0800028a   Section        2  rtexit.o(.ARM.Collect$$rtexit$$00000000)
    .ARM.Collect$$rtexit$$00000002           0x0800028c   Section        0  rtexit2.o(.ARM.Collect$$rtexit$$00000002)
    .ARM.Collect$$rtexit$$00000003           0x0800028c   Section        4  rtexit2.o(.ARM.Collect$$rtexit$$00000003)
    .ARM.Collect$$rtexit$$00000004           0x08000290   Section        6  rtexit2.o(.ARM.Collect$$rtexit$$00000004)
    .text                                    0x08000298   Section        0  arm_fir_example_f32.o(.text)
    .text                                    0x080003a4   Section        0  math_helper.o(.text)
    .text                                    0x080008ac   Section        0  retarget.o(.text)
    .text                                    0x080008c4   Section        0  system.o(.text)
    .text                                    0x080009ac   Section       32  startup_tms570ls.o(.text)
    $v0                                      0x080009ac   Number         0  startup_tms570ls.o(.text)
    .text                                    0x080009cc   Section        0  serial.o(.text)
    .text                                    0x08000a78   Section      160  perf_monitor_r4.o(.text)
    $v0                                      0x08000a78   Number         0  perf_monitor_r4.o(.text)
    .text                                    0x08000b18   Section        0  arm_fir_f32.o(.text)
    .text                                    0x08000e04   Section        0  arm_fir_init_f32.o(.text)
    .text                                    0x08000e38   Section        2  use_no_semi.o(.text)
    .text                                    0x08000e3a   Section       78  rt_memclr_w.o(.text)
    .text                                    0x08000e88   Section        0  heapauxi.o(.text)
    .text                                    0x08000e8e   Section        0  _rserrno.o(.text)
    .text                                    0x08000ea4   Section        8  rt_errno_addr_intlibspace.o(.text)
    .text                                    0x08000eac   Section        8  libspace.o(.text)
    .text                                    0x08000eb4   Section       74  sys_stackheap_outer.o(.text)
    .text                                    0x08000efe   Section        0  exit.o(.text)
    i.__hardfp_log                           0x08000f10   Section        0  log.o(i.__hardfp_log)
    i.__hardfp_log10                         0x08001178   Section        0  log10.o(i.__hardfp_log10)
    i.__kernel_poly                          0x08001288   Section        0  poly.o(i.__kernel_poly)
    i.log                                    0x08001302   Section        0  log.o(i.log)
    x$fpl$fpinit                             0x08001312   Section       10  fpinit.o(x$fpl$fpinit)
    $v0                                      0x08001312   Number         0  fpinit.o(x$fpl$fpinit)
    .constdata                               0x0800131c   Section      116  arm_fir_example_f32.o(.constdata)
    x$fpl$usenofp                            0x0800131c   Section        0  usenofp.o(x$fpl$usenofp)
    .constdata                               0x08001390   Section       56  log.o(.constdata)
    Lg2                                      0x08001390   Data          24  log.o(.constdata)
    Lg                                       0x080013a8   Data          32  log.o(.constdata)
    .constdata                               0x080013c8   Section        8  qnan.o(.constdata)
    .data                                    0x08008000   Section     1280  arm_fir_data.o(.data)
    .data                                    0x08008500   Section     1280  arm_fir_data.o(.data)
    .data                                    0x08008a00   Section       12  arm_fir_example_f32.o(.data)
    .bss                                     0x08008a0c   Section     1680  arm_fir_example_f32.o(.bss)
    testOutput                               0x08008a0c   Data        1280  arm_fir_example_f32.o(.bss)
    firStateF32                              0x08008f0c   Data         240  arm_fir_example_f32.o(.bss)
    .bss                                     0x0800909c   Section       96  libspace.o(.bss)
    HEAP                                     0x08009100   Section        0  startup_tms570ls.o(HEAP)
    STACK                                    0x08009100   Section     5256  startup_tms570ls.o(STACK)
    Heap_Mem                                 0x08009100   Data           0  startup_tms570ls.o(HEAP)
    Stack_Mem                                0x08009100   Data        5120  startup_tms570ls.o(STACK)
    Stack_Top                                0x0800a588   Data           0  startup_tms570ls.o(STACK)

    Global Symbols

    Symbol Name                              Value     Ov Type        Size  Object(Section)

    BuildAttributes$$THM_ISAv4$ARM_ISAv7$E$P$J$D$K$B$S$VFPv3_D16$PE$A:L22UL41UL21$X:L11$S22US41US21$IEEE1$IW$USESV6$~STKCKD$USESV7$~SHL$OTIME$ROPI$IEEEJ$EBA8$UX$STANDARDLIB$THUMB2LIB$REQ8$PRES8$EABIv2 0x00000000   Number         0  anon$$obj.o ABSOLUTE
    __ARM_use_no_argv                        0x00000000   Number         0  arm_fir_example_f32.o ABSOLUTE
    __ARM_exceptions_init                     - Undefined Weak Reference
    __alloca_initialize                       - Undefined Weak Reference
    __cpp_initialize__aeabi_                  - Undefined Weak Reference
    __cxa_finalize                            - Undefined Weak Reference
    __rt_locale                               - Undefined Weak Reference
    __sigvec_lookup                           - Undefined Weak Reference
    _atexit_init                              - Undefined Weak Reference
    _call_atexit_fns                          - Undefined Weak Reference
    _clock_init                               - Undefined Weak Reference
    _fp_trap_init                             - Undefined Weak Reference
    _fp_trap_shutdown                         - Undefined Weak Reference
    _get_lc_collate                           - Undefined Weak Reference
    _get_lc_ctype                             - Undefined Weak Reference
    _get_lc_monetary                          - Undefined Weak Reference
    _get_lc_numeric                           - Undefined Weak Reference
    _get_lc_time                              - Undefined Weak Reference
    _getenv_init                              - Undefined Weak Reference
    _handle_redirection                       - Undefined Weak Reference
    _init_alloc                               - Undefined Weak Reference
    _init_user_alloc                          - Undefined Weak Reference
    _initio                                   - Undefined Weak Reference
    _rand_init                                - Undefined Weak Reference
    _signal_finish                            - Undefined Weak Reference
    _signal_init                              - Undefined Weak Reference
    _terminate_alloc                          - Undefined Weak Reference
    _terminate_user_alloc                     - Undefined Weak Reference
    _terminateio                              - Undefined Weak Reference
    Reset_Handler                            0x08000058   ARM Code       0  startup_tms570ls.o(RESET)
    __main                                   0x080001b0   ARM Code       8  __main.o(!!!main)
    __scatterload                            0x080001b9   Thumb Code     0  __scatter.o(!!!scatter)
    __scatterload_rt2                        0x080001b9   Thumb Code    44  __scatter.o(!!!scatter)
    __scatterload_rt2_thumb_only             0x080001b9   Thumb Code     0  __scatter.o(!!!scatter)
    __scatterload_null                       0x080001c7   Thumb Code     0  __scatter.o(!!!scatter)
    __decompress                             0x080001ed   Thumb Code   100  __dclz77c.o(!!dclz77c)
    __decompress2                            0x080001ed   Thumb Code     0  __dclz77c.o(!!dclz77c)
    __scatterload_zeroinit                   0x08000251   Thumb Code    28  __scatter_zi.o(!!handler_zi)
    __rt_lib_init                            0x0800026d   Thumb Code     0  libinit.o(.ARM.Collect$$libinit$$00000000)
    __rt_lib_init_alloca_1                   0x08000273   Thumb Code     0  libinit2.o(.ARM.Collect$$libinit$$0000002A)
    __rt_lib_init_argv_1                     0x08000273   Thumb Code     0  libinit2.o(.ARM.Collect$$libinit$$00000028)
    __rt_lib_init_atexit_1                   0x08000273   Thumb Code     0  libinit2.o(.ARM.Collect$$libinit$$00000017)
    __rt_lib_init_clock_1                    0x08000273   Thumb Code     0  libinit2.o(.ARM.Collect$$libinit$$0000001D)
    __rt_lib_init_cpp_1                      0x08000273   Thumb Code     0  libinit2.o(.ARM.Collect$$libinit$$0000002E)
    __rt_lib_init_exceptions_1               0x08000273   Thumb Code     0  libinit2.o(.ARM.Collect$$libinit$$0000002C)
    __rt_lib_init_fp_trap_1                  0x08000273   Thumb Code     0  libinit2.o(.ARM.Collect$$libinit$$0000001B)
    __rt_lib_init_getenv_1                   0x08000273   Thumb Code     0  libinit2.o(.ARM.Collect$$libinit$$0000001F)
    __rt_lib_init_heap_1                     0x08000273   Thumb Code     0  libinit2.o(.ARM.Collect$$libinit$$00000006)
    __rt_lib_init_lc_collate_1               0x08000273   Thumb Code     0  libinit2.o(.ARM.Collect$$libinit$$0000000D)
    __rt_lib_init_lc_ctype_1                 0x08000273   Thumb Code     0  libinit2.o(.ARM.Collect$$libinit$$0000000F)
    __rt_lib_init_lc_monetary_1              0x08000273   Thumb Code     0  libinit2.o(.ARM.Collect$$libinit$$00000011)
    __rt_lib_init_lc_numeric_1               0x08000273   Thumb Code     0  libinit2.o(.ARM.Collect$$libinit$$00000013)
    __rt_lib_init_lc_time_1                  0x08000273   Thumb Code     0  libinit2.o(.ARM.Collect$$libinit$$00000015)
    __rt_lib_init_rand_1                     0x08000273   Thumb Code     0  libinit2.o(.ARM.Collect$$libinit$$0000000A)
    __rt_lib_init_return                     0x08000273   Thumb Code     0  libinit2.o(.ARM.Collect$$libinit$$0000002F)
    __rt_lib_init_signal_1                   0x08000273   Thumb Code     0  libinit2.o(.ARM.Collect$$libinit$$00000019)
    __rt_lib_init_stdio_1                    0x08000273   Thumb Code     0  libinit2.o(.ARM.Collect$$libinit$$00000021)
    __rt_lib_init_user_alloc_1               0x08000273   Thumb Code     0  libinit2.o(.ARM.Collect$$libinit$$00000008)
    __rt_lib_shutdown                        0x08000275   Thumb Code     0  libshutdown.o(.ARM.Collect$$libshutdown$$00000000)
    __rt_lib_shutdown_fp_trap_1              0x08000277   Thumb Code     0  libshutdown2.o(.ARM.Collect$$libshutdown$$00000006)
    __rt_lib_shutdown_heap_1                 0x08000277   Thumb Code     0  libshutdown2.o(.ARM.Collect$$libshutdown$$0000000E)
    __rt_lib_shutdown_return                 0x08000277   Thumb Code     0  libshutdown2.o(.ARM.Collect$$libshutdown$$0000000F)
    __rt_lib_shutdown_signal_1               0x08000277   Thumb Code     0  libshutdown2.o(.ARM.Collect$$libshutdown$$00000009)
    __rt_lib_shutdown_stdio_1                0x08000277   Thumb Code     0  libshutdown2.o(.ARM.Collect$$libshutdown$$00000003)
    __rt_lib_shutdown_user_alloc_1           0x08000277   Thumb Code     0  libshutdown2.o(.ARM.Collect$$libshutdown$$0000000B)
    __rt_entry                               0x08000279   Thumb Code     0  rtentry.o(.ARM.Collect$$rtentry$$00000000)
    __rt_entry_presh_1                       0x08000279   Thumb Code     0  rtentry2.o(.ARM.Collect$$rtentry$$00000002)
    __rt_entry_sh                            0x08000279   Thumb Code     0  rtentry4.o(.ARM.Collect$$rtentry$$00000004)
    __rt_entry_li                            0x0800027f   Thumb Code     0  rtentry2.o(.ARM.Collect$$rtentry$$0000000A)
    __rt_entry_postsh_1                      0x0800027f   Thumb Code     0  rtentry2.o(.ARM.Collect$$rtentry$$00000009)
    __rt_entry_main                          0x08000283   Thumb Code     0  rtentry2.o(.ARM.Collect$$rtentry$$0000000D)
    __rt_entry_postli_1                      0x08000283   Thumb Code     0  rtentry2.o(.ARM.Collect$$rtentry$$0000000C)
    __rt_exit                                0x0800028b   Thumb Code     0  rtexit.o(.ARM.Collect$$rtexit$$00000000)
    __rt_exit_ls                             0x0800028d   Thumb Code     0  rtexit2.o(.ARM.Collect$$rtexit$$00000003)
    __rt_exit_prels_1                        0x0800028d   Thumb Code     0  rtexit2.o(.ARM.Collect$$rtexit$$00000002)
    __rt_exit_exit                           0x08000291   Thumb Code     0  rtexit2.o(.ARM.Collect$$rtexit$$00000004)
    main                                     0x08000298   ARM Code     244  arm_fir_example_f32.o(.text)
    arm_snr_f32                              0x080003a4   ARM Code      96  math_helper.o(.text)
    arm_provide_guard_bits_q15               0x08000404   ARM Code      52  math_helper.o(.text)
    arm_float_to_q12_20                      0x08000438   ARM Code     132  math_helper.o(.text)
    arm_compare_fixed_q15                    0x080004bc   ARM Code      80  math_helper.o(.text)
    arm_compare_fixed_q31                    0x0800050c   ARM Code      72  math_helper.o(.text)
    arm_provide_guard_bits_q31               0x08000554   ARM Code      40  math_helper.o(.text)
    arm_provide_guard_bits_q7                0x0800057c   ARM Code      40  math_helper.o(.text)
    arm_calc_guard_bits                      0x080005a4   ARM Code      40  math_helper.o(.text)
    arm_calc_2pow                            0x080005cc   ARM Code      36  math_helper.o(.text)
    arm_apply_guard_bits                     0x080005f0   ARM Code      92  math_helper.o(.text)
    arm_float_to_q14                         0x0800064c   ARM Code     136  math_helper.o(.text)
    arm_float_to_q30                         0x080006d4   ARM Code     128  math_helper.o(.text)
    arm_float_to_q29                         0x08000754   ARM Code     136  math_helper.o(.text)
    arm_float_to_q28                         0x080007dc   ARM Code     128  math_helper.o(.text)
    arm_clip_f32                             0x0800085c   ARM Code      76  math_helper.o(.text)
    fputc                                    0x080008ac   ARM Code       4  retarget.o(.text)
    fgetc                                    0x080008b0   ARM Code       4  retarget.o(.text)
    ferror                                   0x080008b4   ARM Code       8  retarget.o(.text)
    _ttywrch                                 0x080008bc   ARM Code       4  retarget.o(.text)
    _sys_exit                                0x080008c0   ARM Code       4  retarget.o(.text)
    systemInit                               0x080008c4   ARM Code     212  system.o(.text)
    __user_initial_stackheap                 0x080009ac   ARM Code       0  startup_tms570ls.o(.text)
    SER_init                                 0x080009cc   ARM Code      92  serial.o(.text)
    sendchar                                 0x08000a28   ARM Code      28  serial.o(.text)
    getkey                                   0x08000a44   ARM Code      28  serial.o(.text)
    Enable_Performance_Monitor               0x08000a78   ARM Code       0  perf_monitor_r4.o(.text)
    Performance_Monitor_Start                0x08000ab8   ARM Code       0  perf_monitor_r4.o(.text)
    Performance_Monitor_Stop                 0x08000acc   ARM Code       0  perf_monitor_r4.o(.text)
    Performance_Monitor_Read_Counter0        0x08000ae0   ARM Code       0  perf_monitor_r4.o(.text)
    Performance_Monitor_Read_Counter1        0x08000af0   ARM Code       0  perf_monitor_r4.o(.text)
    Performance_Monitor_Read_Counter2        0x08000b00   ARM Code       0  perf_monitor_r4.o(.text)
    Performance_Monitor_Read_CycleCount      0x08000b10   ARM Code       0  perf_monitor_r4.o(.text)
    arm_fir_f32                              0x08000b18   ARM Code     748  arm_fir_f32.o(.text)
    arm_fir_init_f32                         0x08000e04   ARM Code      52  arm_fir_init_f32.o(.text)
    __I$use$semihosting                      0x08000e39   Thumb Code     0  use_no_semi.o(.text)
    __use_no_semihosting_swi                 0x08000e39   Thumb Code     2  use_no_semi.o(.text)
    __aeabi_memclr4                          0x08000e3b   Thumb Code     0  rt_memclr_w.o(.text)
    __aeabi_memclr8                          0x08000e3b   Thumb Code     0  rt_memclr_w.o(.text)
    __rt_memclr_w                            0x08000e3b   Thumb Code    78  rt_memclr_w.o(.text)
    _memset_w                                0x08000e3f   Thumb Code     0  rt_memclr_w.o(.text)
    __use_two_region_memory                  0x08000e89   Thumb Code     2  heapauxi.o(.text)
    __rt_heap_escrow$2region                 0x08000e8b   Thumb Code     2  heapauxi.o(.text)
    __rt_heap_expand$2region                 0x08000e8d   Thumb Code     2  heapauxi.o(.text)
    __read_errno                             0x08000e8f   Thumb Code    10  _rserrno.o(.text)
    __set_errno                              0x08000e99   Thumb Code    12  _rserrno.o(.text)
    __aeabi_errno_addr                       0x08000ea5   Thumb Code     8  rt_errno_addr_intlibspace.o(.text)
    __errno$intlibspace                      0x08000ea5   Thumb Code     0  rt_errno_addr_intlibspace.o(.text)
    __rt_errno_addr$intlibspace              0x08000ea5   Thumb Code     0  rt_errno_addr_intlibspace.o(.text)
    __user_libspace                          0x08000ead   Thumb Code     8  libspace.o(.text)
    __user_perproc_libspace                  0x08000ead   Thumb Code     0  libspace.o(.text)
    __user_perthread_libspace                0x08000ead   Thumb Code     0  libspace.o(.text)
    __user_setup_stackheap                   0x08000eb5   Thumb Code    74  sys_stackheap_outer.o(.text)
    exit                                     0x08000eff   Thumb Code    12  exit.o(.text)
    __hardfp_log                             0x08000f11   Thumb Code   500  log.o(i.__hardfp_log)
    __hardfp_log10                           0x08001179   Thumb Code   212  log10.o(i.__hardfp_log10)
    __kernel_poly                            0x08001289   Thumb Code   122  poly.o(i.__kernel_poly)
    log                                      0x08001303   Thumb Code    16  log.o(i.log)
    _fp_init                                 0x08001313   Thumb Code    10  fpinit.o(x$fpl$fpinit)
    __fplib_config_fpu_vfp                   0x0800131b   Thumb Code     0  fpinit.o(x$fpl$fpinit)
    __fplib_config_pureend_doubles           0x0800131b   Thumb Code     0  fpinit.o(x$fpl$fpinit)
    __I$use$fp                               0x0800131d   Thumb Code     0  usenofp.o(x$fpl$usenofp)
    firCoeffs32                              0x0800131c   Data         116  arm_fir_example_f32.o(.constdata)
    __mathlib_zero                           0x080013c8   Data           8  qnan.o(.constdata)
    Region$$Table$$Base                      0x080013d0   Number         0  anon$$obj.o(Region$$Table)
    Region$$Table$$Limit                     0x080013f0   Number         0  anon$$obj.o(Region$$Table)
    testInput_f32_1kHz_15kHz                 0x08008000   Data        1280  arm_fir_data.o(.data)
    refOutput                                0x08008500   Data        1280  arm_fir_data.o(.data)
    blockSize                                0x08008a00   Data           4  arm_fir_example_f32.o(.data)
    numBlocks                                0x08008a04   Data           4  arm_fir_example_f32.o(.data)
    snr                                      0x08008a08   Data           4  arm_fir_example_f32.o(.data)
    PMU_counter0_result                      0x08008ffc   Data          40  arm_fir_example_f32.o(.bss)
    PMU_counter1_result                      0x08009024   Data          40  arm_fir_example_f32.o(.bss)
    PMU_counter2_result                      0x0800904c   Data          40  arm_fir_example_f32.o(.bss)
    PMU_cycle_count                          0x08009074   Data          40  arm_fir_example_f32.o(.bss)
    __libspace_start                         0x0800909c   Data          96  libspace.o(.bss)
    __temporary_stack_top$libspace           0x080090fc   Data           0  libspace.o(.bss)



==============================================================================

Memory Map of the image

  Image Entry point : 0x080001b0

  Load Region LR_IROM1 (Base: 0x08000000, Size: 0x00001dfc, Max: 0x00008000, ABSOLUTE, COMPRESSED[0x0000159c])

    Execution Region ER_IROM1 (Base: 0x08000000, Size: 0x000013f0, Max: 0x00008000, ABSOLUTE)

    Base Addr    Size         Type   Attr      Idx    E Section Name        Object

    0x08000000   0x000001b0   Code   RO          139    RESET               startup_tms570ls.o
    0x080001b0   0x00000008   Code   RO          202  * !!!main             c_2.b(__main.o)
    0x080001b8   0x00000034   Code   RO          387    !!!scatter          c_2.b(__scatter.o)
    0x080001ec   0x00000064   Code   RO          385    !!dclz77c           c_2.b(__dclz77c.o)
    0x08000250   0x0000001c   Code   RO          389    !!handler_zi        c_2.b(__scatter_zi.o)
    0x0800026c   0x00000006   Code   RO          269    .ARM.Collect$$libinit$$00000000  c_2.b(libinit.o)
    0x08000272   0x00000000   Code   RO          274    .ARM.Collect$$libinit$$00000006  c_2.b(libinit2.o)
    0x08000272   0x00000000   Code   RO          276    .ARM.Collect$$libinit$$00000008  c_2.b(libinit2.o)
    0x08000272   0x00000000   Code   RO          278    .ARM.Collect$$libinit$$0000000A  c_2.b(libinit2.o)
    0x08000272   0x00000000   Code   RO          281    .ARM.Collect$$libinit$$0000000D  c_2.b(libinit2.o)
    0x08000272   0x00000000   Code   RO          283    .ARM.Collect$$libinit$$0000000F  c_2.b(libinit2.o)
    0x08000272   0x00000000   Code   RO          285    .ARM.Collect$$libinit$$00000011  c_2.b(libinit2.o)
    0x08000272   0x00000000   Code   RO          287    .ARM.Collect$$libinit$$00000013  c_2.b(libinit2.o)
    0x08000272   0x00000000   Code   RO          289    .ARM.Collect$$libinit$$00000015  c_2.b(libinit2.o)
    0x08000272   0x00000000   Code   RO          291    .ARM.Collect$$libinit$$00000017  c_2.b(libinit2.o)
    0x08000272   0x00000000   Code   RO          293    .ARM.Collect$$libinit$$00000019  c_2.b(libinit2.o)
    0x08000272   0x00000000   Code   RO          295    .ARM.Collect$$libinit$$0000001B  c_2.b(libinit2.o)
    0x08000272   0x00000000   Code   RO          297    .ARM.Collect$$libinit$$0000001D  c_2.b(libinit2.o)
    0x08000272   0x00000000   Code   RO          299    .ARM.Collect$$libinit$$0000001F  c_2.b(libinit2.o)
    0x08000272   0x00000000   Code   RO          301    .ARM.Collect$$libinit$$00000021  c_2.b(libinit2.o)
    0x08000272   0x00000000   Code   RO          305    .ARM.Collect$$libinit$$00000028  c_2.b(libinit2.o)
    0x08000272   0x00000000   Code   RO          307    .ARM.Collect$$libinit$$0000002A  c_2.b(libinit2.o)
    0x08000272   0x00000000   Code   RO          309    .ARM.Collect$$libinit$$0000002C  c_2.b(libinit2.o)
    0x08000272   0x00000000   Code   RO          311    .ARM.Collect$$libinit$$0000002E  c_2.b(libinit2.o)
    0x08000272   0x00000002   Code   RO          312    .ARM.Collect$$libinit$$0000002F  c_2.b(libinit2.o)
    0x08000274   0x00000002   Code   RO          330    .ARM.Collect$$libshutdown$$00000000  c_2.b(libshutdown.o)
    0x08000276   0x00000000   Code   RO          341    .ARM.Collect$$libshutdown$$00000003  c_2.b(libshutdown2.o)
    0x08000276   0x00000000   Code   RO          344    .ARM.Collect$$libshutdown$$00000006  c_2.b(libshutdown2.o)
    0x08000276   0x00000000   Code   RO          347    .ARM.Collect$$libshutdown$$00000009  c_2.b(libshutdown2.o)
    0x08000276   0x00000000   Code   RO          349    .ARM.Collect$$libshutdown$$0000000B  c_2.b(libshutdown2.o)
    0x08000276   0x00000000   Code   RO          352    .ARM.Collect$$libshutdown$$0000000E  c_2.b(libshutdown2.o)
    0x08000276   0x00000002   Code   RO          353    .ARM.Collect$$libshutdown$$0000000F  c_2.b(libshutdown2.o)
    0x08000278   0x00000000   Code   RO          216    .ARM.Collect$$rtentry$$00000000  c_2.b(rtentry.o)
    0x08000278   0x00000000   Code   RO          235    .ARM.Collect$$rtentry$$00000002  c_2.b(rtentry2.o)
    0x08000278   0x00000006   Code   RO          247    .ARM.Collect$$rtentry$$00000004  c_2.b(rtentry4.o)
    0x0800027e   0x00000000   Code   RO          237    .ARM.Collect$$rtentry$$00000009  c_2.b(rtentry2.o)
    0x0800027e   0x00000004   Code   RO          238    .ARM.Collect$$rtentry$$0000000A  c_2.b(rtentry2.o)
    0x08000282   0x00000000   Code   RO          240    .ARM.Collect$$rtentry$$0000000C  c_2.b(rtentry2.o)
    0x08000282   0x00000008   Code   RO          241    .ARM.Collect$$rtentry$$0000000D  c_2.b(rtentry2.o)
    0x0800028a   0x00000002   Code   RO          270    .ARM.Collect$$rtexit$$00000000  c_2.b(rtexit.o)
    0x0800028c   0x00000000   Code   RO          316    .ARM.Collect$$rtexit$$00000002  c_2.b(rtexit2.o)
    0x0800028c   0x00000004   Code   RO          317    .ARM.Collect$$rtexit$$00000003  c_2.b(rtexit2.o)
    0x08000290   0x00000006   Code   RO          318    .ARM.Collect$$rtexit$$00000004  c_2.b(rtexit2.o)
    0x08000296   0x00000002   PAD
    0x08000298   0x0000010c   Code   RO           29    .text               arm_fir_example_f32.o
    0x080003a4   0x00000508   Code   RO           50    .text               math_helper.o
    0x080008ac   0x00000018   Code   RO           63    .text               retarget.o
    0x080008c4   0x000000e8   Code   RO           86    .text               system.o
    0x080009ac   0x00000020   Code   RO          140    .text               startup_tms570ls.o
    0x080009cc   0x000000ac   Code   RO          146    .text               serial.o
    0x08000a78   0x000000a0   Code   RO          158    .text               perf_monitor_r4.o
    0x08000b18   0x000002ec   Code   RO          161    .text               arm_math_Cortex_R4_bspf.lib(arm_fir_f32.o)
    0x08000e04   0x00000034   Code   RO          182    .text               arm_math_Cortex_R4_bspf.lib(arm_fir_init_f32.o)
    0x08000e38   0x00000002   Code   RO          196    .text               c_2.b(use_no_semi.o)
    0x08000e3a   0x0000004e   Code   RO          198    .text               c_2.b(rt_memclr_w.o)
    0x08000e88   0x00000006   Code   RO          200    .text               c_2.b(heapauxi.o)
    0x08000e8e   0x00000016   Code   RO          217    .text               c_2.b(_rserrno.o)
    0x08000ea4   0x00000008   Code   RO          252    .text               c_2.b(rt_errno_addr_intlibspace.o)
    0x08000eac   0x00000008   Code   RO          257    .text               c_2.b(libspace.o)
    0x08000eb4   0x0000004a   Code   RO          260    .text               c_2.b(sys_stackheap_outer.o)
    0x08000efe   0x0000000c   Code   RO          262    .text               c_2.b(exit.o)
    0x08000f0a   0x00000006   PAD
    0x08000f10   0x00000264   Code   RO          220    i.__hardfp_log      m_2v.b(log.o)
    0x08001174   0x00000004   PAD
    0x08001178   0x00000110   Code   RO          204    i.__hardfp_log10    m_2v.b(log10.o)
    0x08001288   0x0000007a   Code   RO          254    i.__kernel_poly     m_2v.b(poly.o)
    0x08001302   0x00000010   Code   RO          222    i.log               m_2v.b(log.o)
    0x08001312   0x0000000a   Code   RO          313    x$fpl$fpinit        fz_2v.b(fpinit.o)
    0x0800131c   0x00000000   Code   RO          219    x$fpl$usenofp       fz_2v.b(usenofp.o)
    0x0800131c   0x00000074   Data   RO           31    .constdata          arm_fir_example_f32.o
    0x08001390   0x00000038   Data   RO          223    .constdata          m_2v.b(log.o)
    0x080013c8   0x00000008   Data   RO          256    .constdata          m_2v.b(qnan.o)
    0x080013d0   0x00000020   Data   RO          383    Region$$Table       anon$$obj.o


    Execution Region RW_IRAM1 (Base: 0x08008000, Size: 0x00002588, Max: 0x00020000, ABSOLUTE, COMPRESSED[0x000001ac])

    Base Addr    Size         Type   Attr      Idx    E Section Name        Object

    0x08008000   0x00000500   Data   RW            1    .data               arm_fir_data.o
    0x08008500   0x00000500   Data   RW            2    .data               arm_fir_data.o
    0x08008a00   0x0000000c   Data   RW           32    .data               arm_fir_example_f32.o
    0x08008a0c   0x00000690   Zero   RW           30    .bss                arm_fir_example_f32.o
    0x0800909c   0x00000060   Zero   RW          258    .bss                c_2.b(libspace.o)
    0x080090fc   0x00000004   PAD
    0x08009100   0x00000000   Zero   RW          138    HEAP                startup_tms570ls.o
    0x08009100   0x00001488   Zero   RW          137    STACK               startup_tms570ls.o


==============================================================================

Image component sizes


      Code (inc. data)   RO Data    RW Data    ZI Data      Debug   Object Name

         0          0          0       2560          0      14317   arm_fir_data.o
       268         24        116         12       1680       2086   arm_fir_example_f32.o
      1288         36          0          0          0       7088   math_helper.o
       160          0          0          0          0        292   perf_monitor_r4.o
        24          0          0          0          0       2595   retarget.o
       172         24          0          0          0        899   serial.o
       464         56          0          0       5256        776   startup_tms570ls.o
       232         20          0          0          0        581   system.o

    ----------------------------------------------------------------------
      2608        160        148       2572       6936      28634   Object Totals
         0          0         32          0          0          0   (incl. Generated)
         0          0          0          0          0          0   (incl. Padding)

    ----------------------------------------------------------------------

      Code (inc. data)   RO Data    RW Data    ZI Data      Debug   Library Member Name

       748          4          0          0          0      14486   arm_fir_f32.o
        52          0          0          0          0       1083   arm_fir_init_f32.o
       100          0          0          0          0          0   __dclz77c.o
         8          0          0          0          0         68   __main.o
        52          8          0          0          0          0   __scatter.o
        28          0          0          0          0          0   __scatter_zi.o
        22          0          0          0          0        100   _rserrno.o
        12          0          0          0          0         72   exit.o
         6          0          0          0          0        152   heapauxi.o
         6          0          0          0          0          0   libinit.o
         2          0          0          0          0          0   libinit2.o
         2          0          0          0          0          0   libshutdown.o
         2          0          0          0          0          0   libshutdown2.o
         8          4          0          0         96         68   libspace.o
         8          4          0          0          0         68   rt_errno_addr_intlibspace.o
        78          0          0          0          0         80   rt_memclr_w.o
         0          0          0          0          0          0   rtentry.o
        12          0          0          0          0          0   rtentry2.o
         6          0          0          0          0          0   rtentry4.o
         2          0          0          0          0          0   rtexit.o
        10          0          0          0          0          0   rtexit2.o
        74          0          0          0          0         80   sys_stackheap_outer.o
         2          0          0          0          0         68   use_no_semi.o
        10          0          0          0          0        116   fpinit.o
         0          0          0          0          0          0   usenofp.o
       628        112         56          0          0        552   log.o
       272         60          0          0          0        180   log10.o
       122          0          0          0          0        116   poly.o
         0          0          8          0          0          0   qnan.o

    ----------------------------------------------------------------------
      2284        196         64          0        100      17289   Library Totals
        12          4          0          0          4          0   (incl. Padding)

    ----------------------------------------------------------------------

      Code (inc. data)   RO Data    RW Data    ZI Data      Debug   Library Name

       800          4          0          0          0      15569   arm_math_Cortex_R4_bspf.lib
       440         16          0          0         96        756   c_2.b
        10          0          0          0          0        116   fz_2v.b
      1022        172         64          0          0        848   m_2v.b

    ----------------------------------------------------------------------
      2284        196         64          0        100      17289   Library Totals

    ----------------------------------------------------------------------

==============================================================================


      Code (inc. data)   RO Data    RW Data    ZI Data      Debug   

      4892        356        212       2572       7036      44759   Grand Totals
      4892        356        212        428       7036      44759   ELF Image Totals (compressed)
      4892        356        212        428          0          0   ROM Totals

==============================================================================

    Total RO  Size (Code + RO Data)                 5104 (   4.98kB)
    Total RW  Size (RW Data + ZI Data)              9608 (   9.38kB)
    Total ROM Size (Code + RO Data + RW Data)       5532 (   5.40kB)

==============================================================================

