******************************************************************************
                  TI ARM Linker PC v5.0.1                      
******************************************************************************
>> Linked Tue Sep 11 15:42:49 2012

OUTPUT FILE NAME:   <arm_variance_example.out>
ENTRY POINT SYMBOL: "_c_int00"  address: 0000088c


MEMORY CONFIGURATION

         name            origin    length      used     unused   attr    fill
----------------------  --------  ---------  --------  --------  ----  --------
  VECTORS               00000000   00000100  00000100  00000000  R  X  ffffffff
  FLASH                 00000100   0003ff00  0003ff00  00000000  R  X  ffffffff
  STACKS                08000000   00001500  00000000  00001500  RW  
  RAM                   08001500   00018000  00000218  00017de8  RW  
  EMIF_1                60000000   00000100  00000000  00000100  R  X
  EMIF_2                60000100   00003f00  00000000  00003f00  R  X


SEGMENT ALLOCATION MAP

run origin  load origin   length   init length attrs members
----------  ----------- ---------- ----------- ----- -------
00000000    00000000    00040000   00040000    r-x
  00000000    00000000    00000020   00000020    r-x .intvecs
  00000020    00000020    000000e0   000000e0    r-- $fill000
  00000100    00000100    000013ec   000013ec    r-x .text
  000014ec    000014ec    0000016c   0000016c    r-- .const
  00001658    00001658    000000c0   000000c0    r-- .cinit
  00001718    00001718    0003e8e8   0003e8e8    r-- $fill001
08001500    08001500    00000180   00000000    rw-
  08001500    08001500    00000180   00000000    rw- .bss
08001680    08001680    00000098   00000098    rw-
  08001680    08001680    00000098   00000098    rw- .data


SECTION ALLOCATION MAP

 output                                  attributes/
section   page    origin      length       input sections
--------  ----  ----------  ----------   ----------------
.intvecs   0    00000000    00000020     
                  00000000    00000020     sys_intvecs.obj (.intvecs)

$fill000   0    00000020    000000e0     
                  00000020    000000e0     --HOLE-- [fill = ffffffff]

.text      0    00000100    000013ec     
                  00000100    000002f8     pinmux.obj (.text)
                  000003f8    00000254     sys_core.obj (.text)
                  0000064c    00000240     system.obj (.text)
                  0000088c    00000230     sys_startup.obj (.text:retain)
                  00000abc    00000220     esm.obj (.text:retain)
                  00000cdc    0000016c     arm_variance_example_f32.obj (.text)
                  00000e48    00000160     ti_math_Cortex_R4_bspf.lib : arm_copy_f32.obj (.text)
                  00000fa8    00000100                                : arm_fill_f32.obj (.text)
                  000010a8    000000cc                                : arm_mult_f32.obj (.text)
                  00001174    000000cc                                : arm_sub_f32.obj (.text)
                  00001240    000000c8                                : arm_dot_prod_f32.obj (.text)
                  00001308    0000009c     rtsv7R4_T_be_v3D16_eabi.lib : memcpy_t2.obj (.text)
                  000013a4    00000060                                 : copy_decompress_rle.obj (.text)
                  00001404    00000048                                 : cpy_tbl.obj (.text)
                  0000144c    00000040                                 : exit.obj (.text)
                  0000148c    00000020     sys_startup.obj (.text)
                  000014ac    00000014     rtsv7R4_T_be_v3D16_eabi.lib : _lock.obj (.text)
                  000014c0    00000012                                 : copy_zero_init.obj (.text:decompress:ZI)
                  000014d2    0000000e                                 : copy_decompress_none.obj (.text:decompress:none)
                  000014e0    00000006                                 : copy_decompress_rle.obj (.text:decompress:rle24)
                  000014e6    00000002     --HOLE-- [fill = ffffffff]
                  000014e8    00000004     sys_phantom.obj (.text:retain)

.const     0    000014ec    0000016c     
                  000014ec    0000016c     sys_startup.obj (.const:s_vim_init)

.cinit     0    00001658    000000c0     
                  00001658    00000099     (.cinit..data.load) [load image, compression = rle]
                  000016f1    00000003     --HOLE-- [fill = ffffffff]
                  000016f4    0000000c     (__TI_handler_table)
                  00001700    00000008     (.cinit..bss.load) [load image, compression = zero_init]
                  00001708    00000010     (__TI_cinit_table)

$fill001   0    00001718    0003e8e8     
                  00001718    0003e8e8     --HOLE-- [fill = ffffffff]

.bss       0    08001500    00000180     UNINITIALIZED
                  08001500    00000080     arm_variance_example_f32.obj (.bss:wire1)
                  08001580    00000080     arm_variance_example_f32.obj (.bss:wire2)
                  08001600    00000080     arm_variance_example_f32.obj (.bss:wire3)

.data      0    08001680    00000098     
                  08001680    00000080     arm_variance_example_f32.obj (.data:testInput_f32)
                  08001700    00000008     arm_variance_example_f32.obj (.data)
                  08001708    00000008     rtsv7R4_T_be_v3D16_eabi.lib : _lock.obj (.data)
                  08001710    00000008                                 : exit.obj (.data)


LINKER GENERATED COPY TABLES

__TI_cinit_table @ 00001708 records: 2, size/record: 8, table size: 16
	.data: load addr=00001658, load size=00000099 bytes, run addr=08001680, run size=00000098 bytes, compression=rle
	.bss: load addr=00001700, load size=00000008 bytes, run addr=08001500, run size=00000180 bytes, compression=zero_init


LINKER GENERATED HANDLER TABLE

__TI_handler_table @ 000016f4 records: 3, size/record: 4, table size: 12
	index: 0, handler: __TI_zero_init
	index: 1, handler: __TI_decompress_rle24
	index: 2, handler: __TI_decompress_none


GLOBAL SYMBOLS: SORTED ALPHABETICALLY BY Name 

address    name
--------   ----
0000144d   C$$EXIT
UNDEFED    SHT$$INIT_ARRAY$$Base
UNDEFED    SHT$$INIT_ARRAY$$Limit
00001708   __TI_CINIT_Base
00001718   __TI_CINIT_Limit
000016f4   __TI_Handler_Table_Base
00001700   __TI_Handler_Table_Limit
00000644   __TI_PINIT_Base
00000648   __TI_PINIT_Limit
000014d3   __TI_decompress_none
000014e1   __TI_decompress_rle24
00000000   __TI_static_base__
000014c1   __TI_zero_init
00001309   __aeabi_memcpy
00001309   __aeabi_memcpy4
00001309   __aeabi_memcpy8
ffffffff   __binit__
ffffffff   __c_args__
0000088c   _c_int00
08001710   _cleanup_ptr
00000614   _coreClearAuxiliaryDataFault_
00000628   _coreClearAuxiliaryInstructionFault_
000005ec   _coreClearDataFaultAddress_
000005c4   _coreClearDataFault_
00000600   _coreClearInstructionFaultAddress_
000005d8   _coreClearInstructionFault_
0000055c   _coreDisableEventBusExport_
0000059c   _coreDisableFlashEcc_
0000057c   _coreDisableRamEcc_
0000054c   _coreEnableEventBusExport_
0000058c   _coreEnableFlashEcc_
000005ac   _coreEnableIrqVicOffset_
0000056c   _coreEnableRamEcc_
00000534   _coreEnableVfp_
0000060c   _coreGetAuxiliaryDataFault_
00000620   _coreGetAuxiliaryInstructionFault_
000005e4   _coreGetDataFaultAddress_
000005bc   _coreGetDataFault_
000005f8   _coreGetInstructionFaultAddress_
000005d0   _coreGetInstructionFault_
000003f8   _coreInitRegisters_
000004e8   _coreInitStackPointer_
00000634   _disable_interrupts
08001714   _dtors_ptr
0000063c   _enable_interrupts
08001708   _lock
000014bb   _nop
000014b3   _register_lock
000014ad   _register_unlock
0800170c   _unlock
00001451   abort
00000e48   arm_copy_f32
00001240   arm_dot_prod_f32
00000fa8   arm_fill_f32
000010a8   arm_mult_f32
00001174   arm_sub_f32
ffffffff   binit
08001700   blockSize
00001405   copy_in
0000148c   esmGroup1Notification
0000149c   esmGroup2Notification
00000abc   esmHighInterrupt
00000c00   esmLowInterrupt
00001459   exit
00000cdc   main
00001309   memcpy
00000100   muxInit
000014e8   phantomInterrupt
08001704   refVarianceOut
0000064c   systemInit
00000814   systemPowerDown
08001680   testInput_f32
08001500   wire1
08001580   wire2
08001600   wire3


GLOBAL SYMBOLS: SORTED BY Symbol Address 

address    name
--------   ----
00000000   __TI_static_base__
00000100   muxInit
000003f8   _coreInitRegisters_
000004e8   _coreInitStackPointer_
00000534   _coreEnableVfp_
0000054c   _coreEnableEventBusExport_
0000055c   _coreDisableEventBusExport_
0000056c   _coreEnableRamEcc_
0000057c   _coreDisableRamEcc_
0000058c   _coreEnableFlashEcc_
0000059c   _coreDisableFlashEcc_
000005ac   _coreEnableIrqVicOffset_
000005bc   _coreGetDataFault_
000005c4   _coreClearDataFault_
000005d0   _coreGetInstructionFault_
000005d8   _coreClearInstructionFault_
000005e4   _coreGetDataFaultAddress_
000005ec   _coreClearDataFaultAddress_
000005f8   _coreGetInstructionFaultAddress_
00000600   _coreClearInstructionFaultAddress_
0000060c   _coreGetAuxiliaryDataFault_
00000614   _coreClearAuxiliaryDataFault_
00000620   _coreGetAuxiliaryInstructionFault_
00000628   _coreClearAuxiliaryInstructionFault_
00000634   _disable_interrupts
0000063c   _enable_interrupts
00000644   __TI_PINIT_Base
00000648   __TI_PINIT_Limit
0000064c   systemInit
00000814   systemPowerDown
0000088c   _c_int00
00000abc   esmHighInterrupt
00000c00   esmLowInterrupt
00000cdc   main
00000e48   arm_copy_f32
00000fa8   arm_fill_f32
000010a8   arm_mult_f32
00001174   arm_sub_f32
00001240   arm_dot_prod_f32
00001309   __aeabi_memcpy
00001309   __aeabi_memcpy4
00001309   __aeabi_memcpy8
00001309   memcpy
00001405   copy_in
0000144d   C$$EXIT
00001451   abort
00001459   exit
0000148c   esmGroup1Notification
0000149c   esmGroup2Notification
000014ad   _register_unlock
000014b3   _register_lock
000014bb   _nop
000014c1   __TI_zero_init
000014d3   __TI_decompress_none
000014e1   __TI_decompress_rle24
000014e8   phantomInterrupt
000016f4   __TI_Handler_Table_Base
00001700   __TI_Handler_Table_Limit
00001708   __TI_CINIT_Base
00001718   __TI_CINIT_Limit
08001500   wire1
08001580   wire2
08001600   wire3
08001680   testInput_f32
08001700   blockSize
08001704   refVarianceOut
08001708   _lock
0800170c   _unlock
08001710   _cleanup_ptr
08001714   _dtors_ptr
ffffffff   __binit__
ffffffff   __c_args__
ffffffff   binit
UNDEFED    SHT$$INIT_ARRAY$$Base
UNDEFED    SHT$$INIT_ARRAY$$Limit

[75 symbols]
