******************************************************************************
                  TI ARM Linker PC v5.0.1                      
******************************************************************************
>> Linked Tue Sep 11 15:41:58 2012

OUTPUT FILE NAME:   <arm_sin_cos_example.out>
ENTRY POINT SYMBOL: "_c_int00"  address: 0000088c


MEMORY CONFIGURATION

         name            origin    length      used     unused   attr    fill
----------------------  --------  ---------  --------  --------  ----  --------
  VECTORS               00000000   00000100  00000100  00000000  R  X  ffffffff
  FLASH                 00000100   0003ff00  0003ff00  00000000  R  X  ffffffff
  STACKS                08000000   00001500  00000000  00001500  RW  
  RAM                   08001500   00018000  00000029  00017fd7  RW  
  EMIF_1                60000000   00000100  00000000  00000100  R  X
  EMIF_2                60000100   00003f00  00000000  00003f00  R  X


SEGMENT ALLOCATION MAP

run origin  load origin   length   init length attrs members
----------  ----------- ---------- ----------- ----- -------
00000000    00000000    00040000   00040000    r-x
  00000000    00000000    00000020   00000020    r-x .intvecs
  00000020    00000020    000000e0   000000e0    r-- $fill000
  00000100    00000100    00001260   00001260    r-x .text
  00001360    00001360    00000a08   00000a08    r-- .const
  00001d68    00001d68    00000038   00000038    r-- .cinit
  00001da0    00001da0    0003e260   0003e260    r-- $fill001
08001500    08001500    00000015   00000000    rw-
  08001500    08001500    00000015   00000000    rw- .bss
08001518    08001518    00000014   00000014    rw-
  08001518    08001518    00000014   00000014    rw- .data


SECTION ALLOCATION MAP

 output                                  attributes/
section   page    origin      length       input sections
--------  ----  ----------  ----------   ----------------
.intvecs   0    00000000    00000020     
                  00000000    00000020     sys_intvecs.obj (.intvecs)

$fill000   0    00000020    000000e0     
                  00000020    000000e0     --HOLE-- [fill = ffffffff]

.text      0    00000100    00001260     
                  00000100    000002f8     pinmux.obj (.text)
                  000003f8    00000254     sys_core.obj (.text)
                  0000064c    00000240     system.obj (.text)
                  0000088c    00000230     sys_startup.obj (.text:retain)
                  00000abc    00000220     esm.obj (.text:retain)
                  00000cdc    00000138     arm_sin_cos_example_f32.obj (.text)
                  00000e14    000000e8     ti_math_Cortex_R4_bspf.lib : arm_cos_f32.obj (.text)
                  00000efc    000000e8                                : arm_sin_f32.obj (.text)
                  00000fe4    000000cc                                : arm_add_f32.obj (.text)
                  000010b0    000000cc                                : arm_mult_f32.obj (.text)
                  0000117c    0000009c     rtsv7R4_T_be_v3D16_eabi.lib : memcpy_t2.obj (.text)
                  00001218    00000060                                 : copy_decompress_rle.obj (.text)
                  00001278    00000048                                 : cpy_tbl.obj (.text)
                  000012c0    00000040                                 : exit.obj (.text)
                  00001300    00000020     sys_startup.obj (.text)
                  00001320    00000014     rtsv7R4_T_be_v3D16_eabi.lib : _lock.obj (.text)
                  00001334    00000012                                 : copy_zero_init.obj (.text:decompress:ZI)
                  00001346    0000000e                                 : copy_decompress_none.obj (.text:decompress:none)
                  00001354    00000006                                 : copy_decompress_rle.obj (.text:decompress:rle24)
                  0000135a    00000002     --HOLE-- [fill = ffffffff]
                  0000135c    00000004     sys_phantom.obj (.text:retain)

.const     0    00001360    00000a08     
                  00001360    0000040c     ti_math_Cortex_R4_bspf.lib : arm_cos_f32.obj (.const:cosTable)
                  0000176c    0000040c                                : arm_sin_f32.obj (.const:sinTable)
                  00001b78    0000016c     sys_startup.obj (.const:s_vim_init)
                  00001ce4    00000080     arm_sin_cos_example_f32.obj (.const:testInput_f32)
                  00001d64    00000004     arm_sin_cos_example_f32.obj (.const)

.cinit     0    00001d68    00000038     
                  00001d68    00000012     (.cinit..data.load) [load image, compression = rle]
                  00001d7a    00000002     --HOLE-- [fill = ffffffff]
                  00001d7c    0000000c     (__TI_handler_table)
                  00001d88    00000008     (.cinit..bss.load) [load image, compression = zero_init]
                  00001d90    00000010     (__TI_cinit_table)

$fill001   0    00001da0    0003e260     
                  00001da0    0003e260     --HOLE-- [fill = ffffffff]

.bss       0    08001500    00000015     UNINITIALIZED
                  08001500    00000015     arm_sin_cos_example_f32.obj (.bss)

.data      0    08001518    00000014     
                  08001518    00000008     rtsv7R4_T_be_v3D16_eabi.lib : _lock.obj (.data)
                  08001520    00000008                                 : exit.obj (.data)
                  08001528    00000004     arm_sin_cos_example_f32.obj (.data)


LINKER GENERATED COPY TABLES

__TI_cinit_table @ 00001d90 records: 2, size/record: 8, table size: 16
	.data: load addr=00001d68, load size=00000012 bytes, run addr=08001518, run size=00000014 bytes, compression=rle
	.bss: load addr=00001d88, load size=00000008 bytes, run addr=08001500, run size=00000015 bytes, compression=zero_init


LINKER GENERATED HANDLER TABLE

__TI_handler_table @ 00001d7c records: 3, size/record: 4, table size: 12
	index: 0, handler: __TI_zero_init
	index: 1, handler: __TI_decompress_rle24
	index: 2, handler: __TI_decompress_none


GLOBAL SYMBOLS: SORTED ALPHABETICALLY BY Name 

address    name
--------   ----
000012c1   C$$EXIT
UNDEFED    SHT$$INIT_ARRAY$$Base
UNDEFED    SHT$$INIT_ARRAY$$Limit
00001d90   __TI_CINIT_Base
00001da0   __TI_CINIT_Limit
00001d7c   __TI_Handler_Table_Base
00001d88   __TI_Handler_Table_Limit
00000644   __TI_PINIT_Base
00000648   __TI_PINIT_Limit
00001347   __TI_decompress_none
00001355   __TI_decompress_rle24
00000000   __TI_static_base__
00001335   __TI_zero_init
0000117d   __aeabi_memcpy
0000117d   __aeabi_memcpy4
0000117d   __aeabi_memcpy8
ffffffff   __binit__
ffffffff   __c_args__
0000088c   _c_int00
08001520   _cleanup_ptr
00000614   _coreClearAuxiliaryDataFault_
00000628   _coreClearAuxiliaryInstructionFault_
000005ec   _coreClearDataFaultAddress_
000005c4   _coreClearDataFault_
00000600   _coreClearInstructionFaultAddress_
000005d8   _coreClearInstructionFault_
0000055c   _coreDisableEventBusExport_
0000059c   _coreDisableFlashEcc_
0000057c   _coreDisableRamEcc_
0000054c   _coreEnableEventBusExport_
0000058c   _coreEnableFlashEcc_
000005ac   _coreEnableIrqVicOffset_
0000056c   _coreEnableRamEcc_
00000534   _coreEnableVfp_
0000060c   _coreGetAuxiliaryDataFault_
00000620   _coreGetAuxiliaryInstructionFault_
000005e4   _coreGetDataFaultAddress_
000005bc   _coreGetDataFault_
000005f8   _coreGetInstructionFaultAddress_
000005d0   _coreGetInstructionFault_
000003f8   _coreInitRegisters_
000004e8   _coreInitStackPointer_
00000634   _disable_interrupts
08001524   _dtors_ptr
0000063c   _enable_interrupts
08001518   _lock
0000132f   _nop
00001327   _register_lock
00001321   _register_unlock
0800151c   _unlock
000012c5   abort
00000fe4   arm_add_f32
00000e14   arm_cos_f32
000010b0   arm_mult_f32
00000efc   arm_sin_f32
ffffffff   binit
08001528   blockSize
00001279   copy_in
08001504   cosOutput
0800150c   cosSquareOutput
00001300   esmGroup1Notification
00001310   esmGroup2Notification
00000abc   esmHighInterrupt
00000c00   esmLowInterrupt
000012cd   exit
00000cdc   main
0000117d   memcpy
00000100   muxInit
0000135c   phantomInterrupt
08001508   sinOutput
08001510   sinSquareOutput
08001514   status
0000064c   systemInit
00000814   systemPowerDown
00001ce4   testInput_f32
08001500   testOutput
00001d64   testRefOutput_f32


GLOBAL SYMBOLS: SORTED BY Symbol Address 

address    name
--------   ----
00000000   __TI_static_base__
00000100   muxInit
000003f8   _coreInitRegisters_
000004e8   _coreInitStackPointer_
00000534   _coreEnableVfp_
0000054c   _coreEnableEventBusExport_
0000055c   _coreDisableEventBusExport_
0000056c   _coreEnableRamEcc_
0000057c   _coreDisableRamEcc_
0000058c   _coreEnableFlashEcc_
0000059c   _coreDisableFlashEcc_
000005ac   _coreEnableIrqVicOffset_
000005bc   _coreGetDataFault_
000005c4   _coreClearDataFault_
000005d0   _coreGetInstructionFault_
000005d8   _coreClearInstructionFault_
000005e4   _coreGetDataFaultAddress_
000005ec   _coreClearDataFaultAddress_
000005f8   _coreGetInstructionFaultAddress_
00000600   _coreClearInstructionFaultAddress_
0000060c   _coreGetAuxiliaryDataFault_
00000614   _coreClearAuxiliaryDataFault_
00000620   _coreGetAuxiliaryInstructionFault_
00000628   _coreClearAuxiliaryInstructionFault_
00000634   _disable_interrupts
0000063c   _enable_interrupts
00000644   __TI_PINIT_Base
00000648   __TI_PINIT_Limit
0000064c   systemInit
00000814   systemPowerDown
0000088c   _c_int00
00000abc   esmHighInterrupt
00000c00   esmLowInterrupt
00000cdc   main
00000e14   arm_cos_f32
00000efc   arm_sin_f32
00000fe4   arm_add_f32
000010b0   arm_mult_f32
0000117d   __aeabi_memcpy
0000117d   __aeabi_memcpy4
0000117d   __aeabi_memcpy8
0000117d   memcpy
00001279   copy_in
000012c1   C$$EXIT
000012c5   abort
000012cd   exit
00001300   esmGroup1Notification
00001310   esmGroup2Notification
00001321   _register_unlock
00001327   _register_lock
0000132f   _nop
00001335   __TI_zero_init
00001347   __TI_decompress_none
00001355   __TI_decompress_rle24
0000135c   phantomInterrupt
00001ce4   testInput_f32
00001d64   testRefOutput_f32
00001d7c   __TI_Handler_Table_Base
00001d88   __TI_Handler_Table_Limit
00001d90   __TI_CINIT_Base
00001da0   __TI_CINIT_Limit
08001500   testOutput
08001504   cosOutput
08001508   sinOutput
0800150c   cosSquareOutput
08001510   sinSquareOutput
08001514   status
08001518   _lock
0800151c   _unlock
08001520   _cleanup_ptr
08001524   _dtors_ptr
08001528   blockSize
ffffffff   __binit__
ffffffff   __c_args__
ffffffff   binit
UNDEFED    SHT$$INIT_ARRAY$$Base
UNDEFED    SHT$$INIT_ARRAY$$Limit

[77 symbols]
