******************************************************************************
                  TI ARM Linker PC v5.0.1                      
******************************************************************************
>> Linked Tue Sep 11 15:37:28 2012

OUTPUT FILE NAME:   <arm_fft_bin_example.out>
ENTRY POINT SYMBOL: "_c_int00"  address: 00009e0c


MEMORY CONFIGURATION

         name            origin    length      used     unused   attr    fill
----------------------  --------  ---------  --------  --------  ----  --------
  VECTORS               00000000   00000100  00000100  00000000  R  X  ffffffff
  FLASH                 00000100   0003ff00  0003ff00  00000000  R  X  ffffffff
  STACKS                08000000   00001500  00000000  00001500  RW  
  RAM                   08001500   00018000  00003024  00014fdc  RW  
  EMIF_1                60000000   00000100  00000000  00000100  R  X
  EMIF_2                60000100   00003f00  00000000  00003f00  R  X


SEGMENT ALLOCATION MAP

run origin  load origin   length   init length attrs members
----------  ----------- ---------- ----------- ----- -------
00000000    00000000    00040000   00040000    r-x
  00000000    00000000    00000020   00000020    r-x .intvecs
  00000020    00000020    000000e0   000000e0    r-- $fill000
  00000100    00000100    0000896c   0000896c    r-- .const
  00008a6c    00008a6c    00001d48   00001d48    r-x .text
  0000a7b4    0000a7b4    00000004   00000004    r-- $fill001
  0000a7b8    0000a7b8    00001c40   00001c40    r-- .cinit
  0000c3f8    0000c3f8    00033c08   00033c08    r-- $fill002
08001500    08001500    00003024   00002024    rw-
  08001500    08001500    00002024   00002024    rw- .data
  08003524    08003524    00001000   00000000    rw- .bss


SECTION ALLOCATION MAP

 output                                  attributes/
section   page    origin      length       input sections
--------  ----  ----------  ----------   ----------------
.intvecs   0    00000000    00000020     
                  00000000    00000020     sys_intvecs.obj (.intvecs)

$fill000   0    00000020    000000e0     
                  00000020    000000e0     --HOLE-- [fill = ffffffff]

.const     0    00000100    0000896c     
                  00000100    00008000     ti_math_Cortex_R4_bspf.lib : arm_cfft_radix4_init_f32.obj (.const:twiddleCoef)
                  00008100    00000800                                : arm_common_tables.obj (.const:armBitRevTable)
                  00008900    0000016c     sys_startup.obj (.const:s_vim_init)

.text      0    00008a6c    00001d48     
                  00008a6c    00000c14     ti_math_Cortex_R4_bspf.lib : arm_cfft_radix4_f32.obj (.text)
                  00009680    000002f8     pinmux.obj (.text)
                  00009978    00000254     sys_core.obj (.text)
                  00009bcc    00000240     system.obj (.text)
                  00009e0c    00000230     sys_startup.obj (.text:retain)
                  0000a03c    00000220     esm.obj (.text:retain)
                  0000a25c    00000118     ti_math_Cortex_R4_bspf.lib : arm_cmplx_mag_f32.obj (.text)
                  0000a374    000000dc                                : arm_cfft_radix4_init_f32.obj (.text)
                  0000a450    000000c8     arm_fft_bin_example_f32.obj (.text)
                  0000a518    000000b8     ti_math_Cortex_R4_bspf.lib : arm_max_f32.obj (.text)
                  0000a5d0    0000009c     rtsv7R4_T_be_v3D16_eabi.lib : memcpy_t2.obj (.text)
                  0000a66c    00000060                                 : copy_decompress_rle.obj (.text)
                  0000a6cc    00000048                                 : cpy_tbl.obj (.text)
                  0000a714    00000040                                 : exit.obj (.text)
                  0000a754    00000020     sys_startup.obj (.text)
                  0000a774    00000014     rtsv7R4_T_be_v3D16_eabi.lib : _lock.obj (.text)
                  0000a788    00000012                                 : copy_zero_init.obj (.text:decompress:ZI)
                  0000a79a    0000000e                                 : copy_decompress_none.obj (.text:decompress:none)
                  0000a7a8    00000006                                 : copy_decompress_rle.obj (.text:decompress:rle24)
                  0000a7ae    00000002     --HOLE-- [fill = ffffffff]
                  0000a7b0    00000004     sys_phantom.obj (.text:retain)

$fill001   0    0000a7b4    00000004     
                  0000a7b4    00000004     --HOLE-- [fill = ffffffff]

.cinit     0    0000a7b8    00001c40     
                  0000a7b8    00001c19     (.cinit..data.load) [load image, compression = rle]
                  0000c3d1    00000003     --HOLE-- [fill = ffffffff]
                  0000c3d4    0000000c     (__TI_handler_table)
                  0000c3e0    00000008     (.cinit..bss.load) [load image, compression = zero_init]
                  0000c3e8    00000010     (__TI_cinit_table)

$fill002   0    0000c3f8    00033c08     
                  0000c3f8    00033c08     --HOLE-- [fill = ffffffff]

.data      0    08001500    00002024     
                  08001500    00002000     arm_fft_bin_data.obj (.data:testInput_f32_10khz)
                  08003500    00000014     arm_fft_bin_example_f32.obj (.data)
                  08003514    00000008     rtsv7R4_T_be_v3D16_eabi.lib : _lock.obj (.data)
                  0800351c    00000008                                 : exit.obj (.data)

.bss       0    08003524    00001000     UNINITIALIZED
                  08003524    00001000     arm_fft_bin_example_f32.obj (.bss:testOutput)


LINKER GENERATED COPY TABLES

__TI_cinit_table @ 0000c3e8 records: 2, size/record: 8, table size: 16
	.data: load addr=0000a7b8, load size=00001c19 bytes, run addr=08001500, run size=00002024 bytes, compression=rle
	.bss: load addr=0000c3e0, load size=00000008 bytes, run addr=08003524, run size=00001000 bytes, compression=zero_init


LINKER GENERATED HANDLER TABLE

__TI_handler_table @ 0000c3d4 records: 3, size/record: 4, table size: 12
	index: 0, handler: __TI_zero_init
	index: 1, handler: __TI_decompress_rle24
	index: 2, handler: __TI_decompress_none


GLOBAL SYMBOLS: SORTED ALPHABETICALLY BY Name 

address    name
--------   ----
0000a715   C$$EXIT
UNDEFED    SHT$$INIT_ARRAY$$Base
UNDEFED    SHT$$INIT_ARRAY$$Limit
0000c3e8   __TI_CINIT_Base
0000c3f8   __TI_CINIT_Limit
0000c3d4   __TI_Handler_Table_Base
0000c3e0   __TI_Handler_Table_Limit
00009bc4   __TI_PINIT_Base
00009bc8   __TI_PINIT_Limit
0000a79b   __TI_decompress_none
0000a7a9   __TI_decompress_rle24
00000000   __TI_static_base__
0000a789   __TI_zero_init
0000a5d1   __aeabi_memcpy
0000a5d1   __aeabi_memcpy4
0000a5d1   __aeabi_memcpy8
ffffffff   __binit__
ffffffff   __c_args__
00009e0c   _c_int00
0800351c   _cleanup_ptr
00009b94   _coreClearAuxiliaryDataFault_
00009ba8   _coreClearAuxiliaryInstructionFault_
00009b6c   _coreClearDataFaultAddress_
00009b44   _coreClearDataFault_
00009b80   _coreClearInstructionFaultAddress_
00009b58   _coreClearInstructionFault_
00009adc   _coreDisableEventBusExport_
00009b1c   _coreDisableFlashEcc_
00009afc   _coreDisableRamEcc_
00009acc   _coreEnableEventBusExport_
00009b0c   _coreEnableFlashEcc_
00009b2c   _coreEnableIrqVicOffset_
00009aec   _coreEnableRamEcc_
00009ab4   _coreEnableVfp_
00009b8c   _coreGetAuxiliaryDataFault_
00009ba0   _coreGetAuxiliaryInstructionFault_
00009b64   _coreGetDataFaultAddress_
00009b3c   _coreGetDataFault_
00009b78   _coreGetInstructionFaultAddress_
00009b50   _coreGetInstructionFault_
00009978   _coreInitRegisters_
00009a68   _coreInitStackPointer_
00009bb4   _disable_interrupts
08003520   _dtors_ptr
00009bbc   _enable_interrupts
08003514   _lock
0000a783   _nop
0000a77b   _register_lock
0000a775   _register_unlock
08003518   _unlock
0000a719   abort
00008100   armBitRevTable
000093d4   arm_bitreversal_f32
000094fc   arm_cfft_radix4_f32
0000a374   arm_cfft_radix4_init_f32
0000a25c   arm_cmplx_mag_f32
0000a518   arm_max_f32
00008f30   arm_radix4_butterfly_f32
00008a6c   arm_radix4_butterfly_inverse_f32
ffffffff   binit
0000a6cd   copy_in
08003508   doBitReverse
0000a754   esmGroup1Notification
0000a764   esmGroup2Notification
0000a03c   esmHighInterrupt
0000a180   esmLowInterrupt
0000a721   exit
08003500   fftSize
08003504   ifftFlag
0000a450   main
0000a5d1   memcpy
00009680   muxInit
0000a7b0   phantomInterrupt
0800350c   refIndex
00009bcc   systemInit
00009d94   systemPowerDown
08003510   testIndex
08001500   testInput_f32_10khz


GLOBAL SYMBOLS: SORTED BY Symbol Address 

address    name
--------   ----
00000000   __TI_static_base__
00008100   armBitRevTable
00008a6c   arm_radix4_butterfly_inverse_f32
00008f30   arm_radix4_butterfly_f32
000093d4   arm_bitreversal_f32
000094fc   arm_cfft_radix4_f32
00009680   muxInit
00009978   _coreInitRegisters_
00009a68   _coreInitStackPointer_
00009ab4   _coreEnableVfp_
00009acc   _coreEnableEventBusExport_
00009adc   _coreDisableEventBusExport_
00009aec   _coreEnableRamEcc_
00009afc   _coreDisableRamEcc_
00009b0c   _coreEnableFlashEcc_
00009b1c   _coreDisableFlashEcc_
00009b2c   _coreEnableIrqVicOffset_
00009b3c   _coreGetDataFault_
00009b44   _coreClearDataFault_
00009b50   _coreGetInstructionFault_
00009b58   _coreClearInstructionFault_
00009b64   _coreGetDataFaultAddress_
00009b6c   _coreClearDataFaultAddress_
00009b78   _coreGetInstructionFaultAddress_
00009b80   _coreClearInstructionFaultAddress_
00009b8c   _coreGetAuxiliaryDataFault_
00009b94   _coreClearAuxiliaryDataFault_
00009ba0   _coreGetAuxiliaryInstructionFault_
00009ba8   _coreClearAuxiliaryInstructionFault_
00009bb4   _disable_interrupts
00009bbc   _enable_interrupts
00009bc4   __TI_PINIT_Base
00009bc8   __TI_PINIT_Limit
00009bcc   systemInit
00009d94   systemPowerDown
00009e0c   _c_int00
0000a03c   esmHighInterrupt
0000a180   esmLowInterrupt
0000a25c   arm_cmplx_mag_f32
0000a374   arm_cfft_radix4_init_f32
0000a450   main
0000a518   arm_max_f32
0000a5d1   __aeabi_memcpy
0000a5d1   __aeabi_memcpy4
0000a5d1   __aeabi_memcpy8
0000a5d1   memcpy
0000a6cd   copy_in
0000a715   C$$EXIT
0000a719   abort
0000a721   exit
0000a754   esmGroup1Notification
0000a764   esmGroup2Notification
0000a775   _register_unlock
0000a77b   _register_lock
0000a783   _nop
0000a789   __TI_zero_init
0000a79b   __TI_decompress_none
0000a7a9   __TI_decompress_rle24
0000a7b0   phantomInterrupt
0000c3d4   __TI_Handler_Table_Base
0000c3e0   __TI_Handler_Table_Limit
0000c3e8   __TI_CINIT_Base
0000c3f8   __TI_CINIT_Limit
08001500   testInput_f32_10khz
08003500   fftSize
08003504   ifftFlag
08003508   doBitReverse
0800350c   refIndex
08003510   testIndex
08003514   _lock
08003518   _unlock
0800351c   _cleanup_ptr
08003520   _dtors_ptr
ffffffff   __binit__
ffffffff   __c_args__
ffffffff   binit
UNDEFED    SHT$$INIT_ARRAY$$Base
UNDEFED    SHT$$INIT_ARRAY$$Limit

[78 symbols]
